Component: ARM Compiler 5.06 update 1 (build 61) Tool: armlink [4d35a8]

==============================================================================

Section Cross References

    main.o(i.USART2_IRQHandler) refers to stm32f10x_usart.o(i.USART_GetFlagStatus) for USART_GetFlagStatus
    main.o(i.USART2_IRQHandler) refers to stm32f10x_usart.o(i.USART_ReceiveData) for USART_ReceiveData
    main.o(i.USART2_IRQHandler) refers to stm32f10x_usart.o(i.USART_ClearFlag) for USART_ClearFlag
    main.o(i.USART2_IRQHandler) refers to stm32f10x_usart.o(i.USART_SendData) for USART_SendData
    main.o(i.main) refers to stm32f10x_rcc.o(i.RCC_APB1PeriphClockCmd) for RCC_APB1PeriphClockCmd
    main.o(i.main) refers to stm32f10x_rcc.o(i.RCC_APB2PeriphClockCmd) for RCC_APB2PeriphClockCmd
    main.o(i.main) refers to stm32f10x_gpio.o(i.GPIO_Init) for GPIO_Init
    main.o(i.main) refers to stm32f10x_usart.o(i.USART_Init) for USART_Init
    main.o(i.main) refers to misc.o(i.NVIC_Init) for NVIC_Init
    main.o(i.main) refers to stm32f10x_usart.o(i.USART_ITConfig) for USART_ITConfig
    main.o(i.main) refers to stm32f10x_usart.o(i.USART_Cmd) for USART_Cmd
    main.o(i.main) refers to delay.o(i.delayInit) for delayInit
    led.o(i.LEDInit) refers to stm32f10x_rcc.o(i.RCC_APB2PeriphClockCmd) for RCC_APB2PeriphClockCmd
    led.o(i.LEDInit) refers to stm32f10x_gpio.o(i.GPIO_Init) for GPIO_Init
    led.o(i.LEDInit) refers to stm32f10x_gpio.o(i.GPIO_SetBits) for GPIO_SetBits
    sys.o(i.NVICConfiguration) refers to misc.o(i.NVIC_PriorityGroupConfig) for NVIC_PriorityGroupConfig
    delay.o(i.delayInit) refers to misc.o(i.SysTick_CLKSourceConfig) for SysTick_CLKSourceConfig
    delay.o(i.delayInit) refers to system_stm32f10x.o(.data) for SystemCoreClock
    delay.o(i.delayInit) refers to delay.o(.data) for fac_us
    delay.o(i.delayMsecond) refers to delay.o(.data) for fac_ms
    delay.o(i.delayUsecond) refers to delay.o(.data) for fac_us
    rtx_conf_cm.o(.emb_text) refers to rt_cmsis.o(i.osKernelInitialize) for osKernelInitialize
    rtx_conf_cm.o(.emb_text) refers to rt_cmsis.o(i.osThreadCreate) for osThreadCreate
    rtx_conf_cm.o(.emb_text) refers to rt_cmsis.o(i.osKernelStart) for osKernelStart
    rtx_conf_cm.o(.emb_text) refers to exit.o(.text) for exit
    rtx_conf_cm.o(.emb_text) refers to rtx_conf_cm.o(.data) for os_thread_def_main
    rtx_conf_cm.o(i.__user_perthread_libspace) refers to rt_task.o(i.rt_tsk_self) for rt_tsk_self
    rtx_conf_cm.o(i.__user_perthread_libspace) refers to rt_cmsis.o(.data) for os_running
    rtx_conf_cm.o(i.__user_perthread_libspace) refers to rtx_conf_cm.o(.bss) for .bss
    rtx_conf_cm.o(i.__user_perthread_libspace) refers to libspace.o(.bss) for __libspace_start
    rtx_conf_cm.o(i._mutex_acquire) refers to rt_cmsis.o(.data) for os_running
    rtx_conf_cm.o(i._mutex_acquire) refers to rt_mutex.o(i.rt_mut_wait) for rt_mut_wait
    rtx_conf_cm.o(i._mutex_initialize) refers to rt_mutex.o(i.rt_mut_init) for rt_mut_init
    rtx_conf_cm.o(i._mutex_initialize) refers to rtx_conf_cm.o(.data) for .data
    rtx_conf_cm.o(i._mutex_initialize) refers to rtx_conf_cm.o(.bss) for .bss
    rtx_conf_cm.o(i._mutex_release) refers to rt_cmsis.o(.data) for os_running
    rtx_conf_cm.o(i._mutex_release) refers to rt_mutex.o(i.rt_mut_release) for rt_mut_release
    rtx_conf_cm.o(.constdata) refers to rt_cmsis.o(i.osTimerThread) for osTimerThread
    rtx_conf_cm.o(.constdata) refers to rtx_conf_cm.o(.bss) for os_messageQ_q_osTimerMessageQ
    rtx_conf_cm.o(.data) refers to main.o(i.main) for main
    stm32f10x_gpio.o(i.GPIO_AFIODeInit) refers to stm32f10x_rcc.o(i.RCC_APB2PeriphResetCmd) for RCC_APB2PeriphResetCmd
    stm32f10x_gpio.o(i.GPIO_DeInit) refers to stm32f10x_rcc.o(i.RCC_APB2PeriphResetCmd) for RCC_APB2PeriphResetCmd
    stm32f10x_rcc.o(i.RCC_GetClocksFreq) refers to stm32f10x_rcc.o(.data) for APBAHBPrescTable
    stm32f10x_rcc.o(i.RCC_WaitForHSEStartUp) refers to stm32f10x_rcc.o(i.RCC_GetFlagStatus) for RCC_GetFlagStatus
    stm32f10x_usart.o(i.USART_DeInit) refers to stm32f10x_rcc.o(i.RCC_APB2PeriphResetCmd) for RCC_APB2PeriphResetCmd
    stm32f10x_usart.o(i.USART_DeInit) refers to stm32f10x_rcc.o(i.RCC_APB1PeriphResetCmd) for RCC_APB1PeriphResetCmd
    stm32f10x_usart.o(i.USART_Init) refers to stm32f10x_rcc.o(i.RCC_GetClocksFreq) for RCC_GetClocksFreq
    startup_stm32f10x_hd.o(STACK) refers (Special) to heapauxi.o(.text) for __use_two_region_memory
    startup_stm32f10x_hd.o(HEAP) refers (Special) to heapauxi.o(.text) for __use_two_region_memory
    startup_stm32f10x_hd.o(RESET) refers (Special) to heapauxi.o(.text) for __use_two_region_memory
    startup_stm32f10x_hd.o(RESET) refers to startup_stm32f10x_hd.o(STACK) for __initial_sp
    startup_stm32f10x_hd.o(RESET) refers to startup_stm32f10x_hd.o(.text) for Reset_Handler
    startup_stm32f10x_hd.o(RESET) refers to hal_cm3.o(.emb_text) for SVC_Handler
[...]
    Removing stm32f10x_rcc.o(i.RCC_MCOConfig), (12 bytes).
    Removing stm32f10x_rcc.o(i.RCC_PCLK1Config), (24 bytes).
    Removing stm32f10x_rcc.o(i.RCC_PCLK2Config), (24 bytes).
    Removing stm32f10x_rcc.o(i.RCC_PLLCmd), (12 bytes).
    Removing stm32f10x_rcc.o(i.RCC_PLLConfig), (28 bytes).
    Removing stm32f10x_rcc.o(i.RCC_RTCCLKCmd), (12 bytes).
    Removing stm32f10x_rcc.o(i.RCC_RTCCLKConfig), (16 bytes).
    Removing stm32f10x_rcc.o(i.RCC_SYSCLKConfig), (24 bytes).
    Removing stm32f10x_rcc.o(i.RCC_USBCLKConfig), (12 bytes).
    Removing stm32f10x_rcc.o(i.RCC_WaitForHSEStartUp), (56 bytes).
    Removing stm32f10x_usart.o(.rev16_text), (4 bytes).
    Removing stm32f10x_usart.o(.revsh_text), (4 bytes).
    Removing stm32f10x_usart.o(.rrx_text), (6 bytes).
    Removing stm32f10x_usart.o(i.USART_ClearITPendingBit), (30 bytes).
    Removing stm32f10x_usart.o(i.USART_ClockInit), (34 bytes).
    Removing stm32f10x_usart.o(i.USART_ClockStructInit), (12 bytes).
    Removing stm32f10x_usart.o(i.USART_DMACmd), (18 bytes).
    Removing stm32f10x_usart.o(i.USART_DeInit), (156 bytes).
    Removing stm32f10x_usart.o(i.USART_GetITStatus), (84 bytes).
    Removing stm32f10x_usart.o(i.USART_HalfDuplexCmd), (24 bytes).
    Removing stm32f10x_usart.o(i.USART_IrDACmd), (24 bytes).
    Removing stm32f10x_usart.o(i.USART_IrDAConfig), (18 bytes).
    Removing stm32f10x_usart.o(i.USART_LINBreakDetectLengthConfig), (18 bytes).
    Removing stm32f10x_usart.o(i.USART_LINCmd), (24 bytes).
    Removing stm32f10x_usart.o(i.USART_OneBitMethodCmd), (24 bytes).
    Removing stm32f10x_usart.o(i.USART_OverSampling8Cmd), (22 bytes).
    Removing stm32f10x_usart.o(i.USART_ReceiverWakeUpCmd), (24 bytes).
    Removing stm32f10x_usart.o(i.USART_SendBreak), (10 bytes).
    Removing stm32f10x_usart.o(i.USART_SetAddress), (18 bytes).
    Removing stm32f10x_usart.o(i.USART_SetGuardTime), (16 bytes).
    Removing stm32f10x_usart.o(i.USART_SetPrescaler), (16 bytes).
    Removing stm32f10x_usart.o(i.USART_SmartCardCmd), (24 bytes).
    Removing stm32f10x_usart.o(i.USART_SmartCardNACKCmd), (24 bytes).
    Removing stm32f10x_usart.o(i.USART_StructInit), (24 bytes).
    Removing stm32f10x_usart.o(i.USART_WakeUpConfig), (18 bytes).
    Removing system_stm32f10x.o(.rev16_text), (4 bytes).
    Removing system_stm32f10x.o(.revsh_text), (4 bytes).
    Removing system_stm32f10x.o(.rrx_text), (6 bytes).
    Removing system_stm32f10x.o(i.SystemCoreClockUpdate), (164 bytes).
    Removing rt_cmsis.o(.rev16_text), (4 bytes).
    Removing rt_cmsis.o(.revsh_text), (4 bytes).
    Removing rt_cmsis.o(.rrx_text), (6 bytes).
    Removing rt_cmsis.o(i.isrSemaphoreRelease), (40 bytes).
    Removing rt_cmsis.o(i.isrSignalSet), (36 bytes).
    Removing rt_cmsis.o(i.osDelay), (24 bytes).
    Removing rt_cmsis.o(i.osKernelRunning), (36 bytes).
    Removing rt_cmsis.o(i.osKernelSysTick), (24 bytes).
    Removing rt_cmsis.o(i.osMailAlloc), (28 bytes).
    Removing rt_cmsis.o(i.osMailCAlloc), (48 bytes).
    Removing rt_cmsis.o(i.osMailCreate), (48 bytes).
    Removing rt_cmsis.o(i.osMailFree), (28 bytes).
    Removing rt_cmsis.o(i.osMailGet), (22 bytes).
    Removing rt_cmsis.o(i.osMailPut), (20 bytes).
    Removing rt_cmsis.o(i.osMessageCreate), (48 bytes).
    Removing rt_cmsis.o(i.osMessagePut), (24 bytes).
    Removing rt_cmsis.o(i.osMutexCreate), (48 bytes).
    Removing rt_cmsis.o(i.osMutexDelete), (24 bytes).
    Removing rt_cmsis.o(i.osMutexRelease), (24 bytes).
    Removing rt_cmsis.o(i.osMutexWait), (24 bytes).
    Removing rt_cmsis.o(i.osPoolAlloc), (32 bytes).
    Removing rt_cmsis.o(i.osPoolCAlloc), (52 bytes).
    Removing rt_cmsis.o(i.osPoolCreate), (48 bytes).
    Removing rt_cmsis.o(i.osPoolFree), (32 bytes).
    Removing rt_cmsis.o(i.osSemaphoreCreate), (48 bytes).
    Removing rt_cmsis.o(i.osSemaphoreDelete), (24 bytes).
    Removing rt_cmsis.o(i.osSemaphoreRelease), (24 bytes).
    Removing rt_cmsis.o(i.osSemaphoreWait), (24 bytes).
    Removing rt_cmsis.o(i.osSignalClear), (24 bytes).
    Removing rt_cmsis.o(i.osSignalSet), (24 bytes).
    Removing rt_cmsis.o(i.osSignalWait), (24 bytes).
    Removing rt_cmsis.o(i.osThreadGetId), (24 bytes).
    Removing rt_cmsis.o(i.osThreadGetPriority), (24 bytes).
    Removing rt_cmsis.o(i.osThreadSetPriority), (24 bytes).
    Removing rt_cmsis.o(i.osThreadTerminate), (24 bytes).
    Removing rt_cmsis.o(i.osThreadYield), (24 bytes).
    Removing rt_cmsis.o(i.osTimerCreate), (52 bytes).
    Removing rt_cmsis.o(i.osTimerDelete), (24 bytes).
    Removing rt_cmsis.o(i.osTimerStart), (24 bytes).
    Removing rt_cmsis.o(i.osTimerStop), (24 bytes).
    Removing rt_cmsis.o(i.osWait), (4 bytes).
    Removing rt_cmsis.o(i.os_resume), (12 bytes).
    Removing rt_cmsis.o(i.os_suspend), (12 bytes).
    Removing rt_cmsis.o(i.rt_clr_box), (24 bytes).
    Removing rt_cmsis.o(i.rt_timer_remove), (60 bytes).
    Removing rt_cmsis.o(i.svcDelay), (18 bytes).
    Removing rt_cmsis.o(i.svcKernelRunning), (12 bytes).
    Removing rt_cmsis.o(i.svcKernelSysTick), (56 bytes).
    Removing rt_cmsis.o(i.svcMailCreate), (66 bytes).
    Removing rt_cmsis.o(i.svcMessagePut), (54 bytes).
    Removing rt_cmsis.o(i.svcMutexCreate), (28 bytes).
    Removing rt_cmsis.o(i.svcMutexDelete), (26 bytes).
    Removing rt_cmsis.o(i.svcMutexRelease), (34 bytes).
    Removing rt_cmsis.o(i.svcMutexWait), (54 bytes).
    Removing rt_cmsis.o(i.svcPoolCreate), (40 bytes).
    Removing rt_cmsis.o(i.svcSemaphoreCreate), (36 bytes).
    Removing rt_cmsis.o(i.svcSemaphoreDelete), (26 bytes).
    Removing rt_cmsis.o(i.svcSemaphoreRelease), (40 bytes).
    Removing rt_cmsis.o(i.svcSemaphoreWait), (50 bytes).
    Removing rt_cmsis.o(i.svcSignalClear), (36 bytes).
    Removing rt_cmsis.o(i.svcSignalSet), (36 bytes).
    Removing rt_cmsis.o(i.svcSignalWait), (84 bytes).
    Removing rt_cmsis.o(i.svcThreadGetPriority), (18 bytes).
    Removing rt_cmsis.o(i.svcThreadSetPriority), (46 bytes).
    Removing rt_cmsis.o(i.svcThreadYield), (10 bytes).
    Removing rt_cmsis.o(i.svcTimerCreate), (56 bytes).
    Removing rt_cmsis.o(i.svcTimerDelete), (40 bytes).
    Removing rt_cmsis.o(i.svcTimerStart), (100 bytes).
    Removing rt_cmsis.o(i.svcTimerStop), (36 bytes).
    Removing rt_cmsis.o(i.sysMailAlloc), (88 bytes).
    Removing rt_cmsis.o(i.sysMailFree), (96 bytes).
    Removing rt_cmsis.o(i.sysPoolAlloc), (10 bytes).
    Removing rt_cmsis.o(i.sysPoolFree), (20 bytes).
    Removing rt_cmsis.o(i.sysUserTimerUpdate), (48 bytes).
    Removing rt_cmsis.o(i.sysUserTimerWakeupTime), (20 bytes).
    Removing rt_task.o(i.rt_tsk_pass), (48 bytes).
    Removing rt_mutex.o(i.rt_mut_delete), (176 bytes).
    Removing rt_mutex.o(i.rt_mut_init), (16 bytes).
    Removing rt_system.o(.emb_text), (0 bytes).
    Removing rt_system.o(i.os_tick_ovf), (16 bytes).
    Removing rt_system.o(i.os_tick_val), (20 bytes).
    Removing rt_system.o(i.rt_resume), (136 bytes).
    Removing rt_system.o(i.rt_suspend), (36 bytes).
    Removing rt_system.o(i.rt_tsk_lock), (80 bytes).
    Removing rt_system.o(i.rt_tsk_unlock), (80 bytes).
    Removing rt_event.o(i.isr_evt_set), (40 bytes).
    Removing rt_event.o(i.rt_evt_clr), (28 bytes).
    Removing rt_event.o(i.rt_evt_get), (12 bytes).
    Removing rt_event.o(i.rt_evt_set), (92 bytes).
    Removing rt_event.o(i.rt_evt_wait), (60 bytes).
    Removing rt_list.o(i.rt_get_same_rdy_prio), (36 bytes).
    Removing rt_mailbox.o(i.rt_mbx_send), (152 bytes).
    Removing rt_semaphore.o(i.isr_sem_send), (16 bytes).
    Removing rt_semaphore.o(i.rt_sem_delete), (92 bytes).
    Removing rt_semaphore.o(i.rt_sem_init), (12 bytes).
    Removing rt_semaphore.o(i.rt_sem_send), (42 bytes).
    Removing rt_semaphore.o(i.rt_sem_wait), (64 bytes).
    Removing rt_time.o(i.rt_dly_wait), (6 bytes).
    Removing rt_time.o(i.rt_itv_set), (24 bytes).
    Removing rt_time.o(i.rt_itv_wait), (40 bytes).
    Removing rt_time.o(i.rt_time_get), (12 bytes).
    Removing rt_membox.o(i._calloc_box), (30 bytes).

207 unused section(s) (total 6694 bytes) removed from the image.

==============================================================================

Image Symbol Table

    Local Symbols

    Symbol Name                              Value     Ov Type        Size  Object(Section)

    ../clib/angel/boardlib.s                 0x00000000   Number         0  boardinit1.o ABSOLUTE
    ../clib/angel/boardlib.s                 0x00000000   Number         0  boardshut.o ABSOLUTE
    ../clib/angel/boardlib.s                 0x00000000   Number         0  boardinit2.o ABSOLUTE
    ../clib/angel/handlers.s                 0x00000000   Number         0  __scatter_copy.o ABSOLUTE
    ../clib/angel/handlers.s                 0x00000000   Number         0  __scatter_zi.o ABSOLUTE
    ../clib/angel/kernel.s                   0x00000000   Number         0  __rtentry4.o ABSOLUTE
    ../clib/angel/kernel.s                   0x00000000   Number         0  rtexit.o ABSOLUTE
    ../clib/angel/kernel.s                   0x00000000   Number         0  __rtentry2.o ABSOLUTE
    ../clib/angel/kernel.s                   0x00000000   Number         0  __rtentry.o ABSOLUTE
    ../clib/angel/kernel.s                   0x00000000   Number         0  rtexit2.o ABSOLUTE
    ../clib/angel/rt.s                       0x00000000   Number         0  aeabi_ldiv0_sigfpe.o ABSOLUTE
    ../clib/angel/rt.s                       0x00000000   Number         0  aeabi_ldiv0.o ABSOLUTE
    ../clib/angel/rt.s                       0x00000000   Number         0  rt_div0.o ABSOLUTE
    ../clib/angel/rt.s                       0x00000000   Number         0  rt_raise.o ABSOLUTE
    ../clib/angel/scatter.s                  0x00000000   Number         0  __scatter.o ABSOLUTE
    ../clib/angel/startup.s                  0x00000000   Number         0  __main.o ABSOLUTE
    ../clib/angel/sys.s                      0x00000000   Number         0  indicate_semi.o ABSOLUTE
    ../clib/angel/sys.s                      0x00000000   Number         0  use_no_semi.o ABSOLUTE
    ../clib/angel/sys.s                      0x00000000   Number         0  libspace.o ABSOLUTE
    ../clib/angel/sys.s                      0x00000000   Number         0  sys_stackheap_outer.o ABSOLUTE
    ../clib/angel/sysapp.c                   0x00000000   Number         0  sys_exit.o ABSOLUTE
    ../clib/angel/sysapp.c                   0x00000000   Number         0  sys_wrch.o ABSOLUTE
    ../clib/angel/sysapp.c                   0x00000000   Number         0  sys_command.o ABSOLUTE
    ../clib/armsys.c                         0x00000000   Number         0  no_argv.o ABSOLUTE
    ../clib/armsys.c                         0x00000000   Number         0  _get_argv_nomalloc.o ABSOLUTE
    ../clib/armsys.c                         0x00000000   Number         0  argv_veneer.o ABSOLUTE
    ../clib/armsys.c                         0x00000000   Number         0  argv_veneer.o ABSOLUTE
    ../clib/heapalloc.c                      0x00000000   Number         0  hrguard.o ABSOLUTE
    ../clib/heapaux.c                        0x00000000   Number         0  heapauxi.o ABSOLUTE
    ../clib/libinit.s                        0x00000000   Number         0  libshutdown.o ABSOLUTE
    ../clib/libinit.s                        0x00000000   Number         0  libinit.o ABSOLUTE
    ../clib/libinit.s                        0x00000000   Number         0  libshutdown2.o ABSOLUTE
    ../clib/libinit.s                        0x00000000   Number         0  libinit2.o ABSOLUTE
    ../clib/longlong.s                       0x00000000   Number         0  lludivv7m.o ABSOLUTE
    ../clib/signal.c                         0x00000000   Number         0  defsig_rtmem_formal.o ABSOLUTE
    ../clib/signal.c                         0x00000000   Number         0  defsig_rtmem_outer.o ABSOLUTE
    ../clib/signal.c                         0x00000000   Number         0  defsig_rtmem_inner.o ABSOLUTE
    ../clib/signal.c                         0x00000000   Number         0  defsig_rtred_inner.o ABSOLUTE
    ../clib/signal.c                         0x00000000   Number         0  defsig_stak_inner.o ABSOLUTE
    ../clib/signal.c                         0x00000000   Number         0  defsig_general.o ABSOLUTE
    ../clib/signal.c                         0x00000000   Number         0  __raise.o ABSOLUTE
    ../clib/signal.c                         0x00000000   Number         0  defsig_fpe_outer.o ABSOLUTE
    ../clib/signal.c                         0x00000000   Number         0  defsig_fpe_formal.o ABSOLUTE
    ../clib/signal.c                         0x00000000   Number         0  defsig_cppl_inner.o ABSOLUTE
    ../clib/signal.c                         0x00000000   Number         0  defsig_fpe_inner.o ABSOLUTE
    ../clib/signal.c                         0x00000000   Number         0  defsig_segv_inner.o ABSOLUTE
    ../clib/signal.c                         0x00000000   Number         0  defsig_other.o ABSOLUTE
    ../clib/signal.c                         0x00000000   Number         0  defsig_pvfn_inner.o ABSOLUTE
    ../clib/signal.c                         0x00000000   Number         0  defsig_abrt_inner.o ABSOLUTE
    ../clib/signal.c                         0x00000000   Number         0  defsig_exit.o ABSOLUTE
    ../clib/signal.s                         0x00000000   Number         0  defsig.o ABSOLUTE
    ../clib/stdlib.c                         0x00000000   Number         0  exit.o ABSOLUTE
    ../fplib/fpinit.s                        0x00000000   Number         0  fpinit.o ABSOLUTE
    ..\HAL_CM.c                              0x00000000   Number         0  hal_cm.o ABSOLUTE
    ..\HARDWAR\LED\led.c                     0x00000000   Number         0  led.o ABSOLUTE
    ..\SYSTEM\delay\delay.c                  0x00000000   Number         0  delay.o ABSOLUTE
    ..\SYSTEM\sys\sys.c                      0x00000000   Number         0  sys.o ABSOLUTE
    ..\\HARDWAR\\LED\\led.c                  0x00000000   Number         0  led.o ABSOLUTE
    ..\\SYSTEM\\delay\\delay.c               0x00000000   Number         0  delay.o ABSOLUTE
    ..\\SYSTEM\\sys\\sys.c                   0x00000000   Number         0  sys.o ABSOLUTE
    ..\\rt_CMSIS.c                           0x00000000   Number         0  rt_cmsis.o ABSOLUTE
    ..\\rt_System.c                          0x00000000   Number         0  rt_system.o ABSOLUTE
    ..\rt_CMSIS.c                            0x00000000   Number         0  rt_cmsis.o ABSOLUTE
    ..\rt_Event.c                            0x00000000   Number         0  rt_event.o ABSOLUTE
    ..\rt_List.c                             0x00000000   Number         0  rt_list.o ABSOLUTE
    ..\rt_Mailbox.c                          0x00000000   Number         0  rt_mailbox.o ABSOLUTE
    ..\rt_MemBox.c                           0x00000000   Number         0  rt_membox.o ABSOLUTE
    ..\rt_Memory.c                           0x00000000   Number         0  rt_memory.o ABSOLUTE
    ..\rt_Mutex.c                            0x00000000   Number         0  rt_mutex.o ABSOLUTE
    ..\rt_Robin.c                            0x00000000   Number         0  rt_robin.o ABSOLUTE
    ..\rt_Semaphore.c                        0x00000000   Number         0  rt_semaphore.o ABSOLUTE
    ..\rt_System.c                           0x00000000   Number         0  rt_system.o ABSOLUTE
    ..\rt_Task.c                             0x00000000   Number         0  rt_task.o ABSOLUTE
    ..\rt_Time.c                             0x00000000   Number         0  rt_time.o ABSOLUTE
    C:\Keil_v5\ARM\PACK\Keil\STM32F1xx_DFP\2.2.0\Device\StdPeriph_Driver\src\misc.c 0x00000000   Number         0  misc.o ABSOLUTE
    C:\Keil_v5\ARM\PACK\Keil\STM32F1xx_DFP\2.2.0\Device\StdPeriph_Driver\src\stm32f10x_gpio.c 0x00000000   Number         0  stm32f10x_gpio.o ABSOLUTE
    C:\Keil_v5\ARM\PACK\Keil\STM32F1xx_DFP\2.2.0\Device\StdPeriph_Driver\src\stm32f10x_rcc.c 0x00000000   Number         0  stm32f10x_rcc.o ABSOLUTE
    C:\Keil_v5\ARM\PACK\Keil\STM32F1xx_DFP\2.2.0\Device\StdPeriph_Driver\src\stm32f10x_usart.c 0x00000000   Number         0  stm32f10x_usart.o ABSOLUTE
    C:\\Keil_v5\\ARM\\PACK\\Keil\\STM32F1xx_DFP\\2.2.0\\Device\\StdPeriph_Driver\\src\\misc.c 0x00000000   Number         0  misc.o ABSOLUTE
    C:\\Keil_v5\\ARM\\PACK\\Keil\\STM32F1xx_DFP\\2.2.0\\Device\\StdPeriph_Driver\\src\\stm32f10x_gpio.c 0x00000000   Number         0  stm32f10x_gpio.o ABSOLUTE
    C:\\Keil_v5\\ARM\\PACK\\Keil\\STM32F1xx_DFP\\2.2.0\\Device\\StdPeriph_Driver\\src\\stm32f10x_rcc.c 0x00000000   Number         0  stm32f10x_rcc.o ABSOLUTE
    C:\\Keil_v5\\ARM\\PACK\\Keil\\STM32F1xx_DFP\\2.2.0\\Device\\StdPeriph_Driver\\src\\stm32f10x_usart.c 0x00000000   Number         0  stm32f10x_usart.o ABSOLUTE
    HAL_CM3.c                                0x00000000   Number         0  hal_cm3.o ABSOLUTE
    HAL_CM3.c                                0x00000000   Number         0  hal_cm3.o ABSOLUTE
    RTE\CMSIS\RTX_Conf_CM.c                  0x00000000   Number         0  rtx_conf_cm.o ABSOLUTE
    RTE\Device\STM32F103VC\startup_stm32f10x_hd.s 0x00000000   Number         0  startup_stm32f10x_hd.o ABSOLUTE
    RTE\Device\STM32F103VC\system_stm32f10x.c 0x00000000   Number         0  system_stm32f10x.o ABSOLUTE
    RTE\\CMSIS\\RTX_Conf_CM.c                0x00000000   Number         0  rtx_conf_cm.o ABSOLUTE
    RTE\\Device\\STM32F103VC\\system_stm32f10x.c 0x00000000   Number         0  system_stm32f10x.o ABSOLUTE
    SVC_Table.s                              0x00000000   Number         0  svc_table.o ABSOLUTE
    dc.s                                     0x00000000   Number         0  dc.o ABSOLUTE
    main.c                                   0x00000000   Number         0  main.o ABSOLUTE
    main.c                                   0x00000000   Number         0  main.o ABSOLUTE
    RESET                                    0x08000000   Section      304  startup_stm32f10x_hd.o(RESET)
    !!!main                                  0x08000130   Section        8  __main.o(!!!main)
    !!!scatter                               0x08000138   Section       52  __scatter.o(!!!scatter)
    !!handler_copy                           0x0800016c   Section       26  __scatter_copy.o(!!handler_copy)
    !!handler_zi                             0x08000188   Section       28  __scatter_zi.o(!!handler_zi)
    .ARM.Collect$$libinit$$00000000          0x080001a4   Section        2  libinit.o(.ARM.Collect$$libinit$$00000000)
    .ARM.Collect$$libinit$$00000002          0x080001a6   Section        0  libinit2.o(.ARM.Collect$$libinit$$00000002)
    .ARM.Collect$$libinit$$00000004          0x080001a6   Section        0  libinit2.o(.ARM.Collect$$libinit$$00000004)
    .ARM.Collect$$libinit$$0000000A          0x080001a6   Section        0  libinit2.o(.ARM.Collect$$libinit$$0000000A)
    .ARM.Collect$$libinit$$0000000C          0x080001a6   Section        0  libinit2.o(.ARM.Collect$$libinit$$0000000C)
    .ARM.Collect$$libinit$$0000000E          0x080001a6   Section        0  libinit2.o(.ARM.Collect$$libinit$$0000000E)
    .ARM.Collect$$libinit$$00000011          0x080001a6   Section        0  libinit2.o(.ARM.Collect$$libinit$$00000011)
    .ARM.Collect$$libinit$$00000013          0x080001a6   Section        0  libinit2.o(.ARM.Collect$$libinit$$00000013)
    .ARM.Collect$$libinit$$00000015          0x080001a6   Section        0  libinit2.o(.ARM.Collect$$libinit$$00000015)
    .ARM.Collect$$libinit$$00000017          0x080001a6   Section        0  libinit2.o(.ARM.Collect$$libinit$$00000017)
    .ARM.Collect$$libinit$$00000019          0x080001a6   Section        0  libinit2.o(.ARM.Collect$$libinit$$00000019)
    .ARM.Collect$$libinit$$0000001B          0x080001a6   Section        0  libinit2.o(.ARM.Collect$$libinit$$0000001B)
    .ARM.Collect$$libinit$$0000001D          0x080001a6   Section        0  libinit2.o(.ARM.Collect$$libinit$$0000001D)
    .ARM.Collect$$libinit$$0000001F          0x080001a6   Section        0  libinit2.o(.ARM.Collect$$libinit$$0000001F)
    .ARM.Collect$$libinit$$00000021          0x080001a6   Section        0  libinit2.o(.ARM.Collect$$libinit$$00000021)
    .ARM.Collect$$libinit$$00000023          0x080001a6   Section        0  libinit2.o(.ARM.Collect$$libinit$$00000023)
    .ARM.Collect$$libinit$$00000025          0x080001a6   Section        0  libinit2.o(.ARM.Collect$$libinit$$00000025)
    .ARM.Collect$$libinit$$0000002C          0x080001a6   Section        0  libinit2.o(.ARM.Collect$$libinit$$0000002C)
    .ARM.Collect$$libinit$$0000002E          0x080001a6   Section        0  libinit2.o(.ARM.Collect$$libinit$$0000002E)
    .ARM.Collect$$libinit$$00000030          0x080001a6   Section        0  libinit2.o(.ARM.Collect$$libinit$$00000030)
    .ARM.Collect$$libinit$$00000032          0x080001a6   Section        0  libinit2.o(.ARM.Collect$$libinit$$00000032)
    .ARM.Collect$$libinit$$00000033          0x080001a6   Section        2  libinit2.o(.ARM.Collect$$libinit$$00000033)
    .ARM.Collect$$libshutdown$$00000000      0x080001a8   Section        2  libshutdown.o(.ARM.Collect$$libshutdown$$00000000)
    .ARM.Collect$$libshutdown$$00000002      0x080001aa   Section        0  libshutdown2.o(.ARM.Collect$$libshutdown$$00000002)
    .ARM.Collect$$libshutdown$$00000004      0x080001aa   Section        0  libshutdown2.o(.ARM.Collect$$libshutdown$$00000004)
    .ARM.Collect$$libshutdown$$00000007      0x080001aa   Section        0  libshutdown2.o(.ARM.Collect$$libshutdown$$00000007)
    .ARM.Collect$$libshutdown$$0000000A      0x080001aa   Section        0  libshutdown2.o(.ARM.Collect$$libshutdown$$0000000A)
    .ARM.Collect$$libshutdown$$0000000C      0x080001aa   Section        0  libshutdown2.o(.ARM.Collect$$libshutdown$$0000000C)
    .ARM.Collect$$libshutdown$$0000000F      0x080001aa   Section        0  libshutdown2.o(.ARM.Collect$$libshutdown$$0000000F)
    .ARM.Collect$$libshutdown$$00000010      0x080001aa   Section        2  libshutdown2.o(.ARM.Collect$$libshutdown$$00000010)
    .ARM.Collect$$rtentry$$00000000          0x080001ac   Section        0  __rtentry.o(.ARM.Collect$$rtentry$$00000000)
    .ARM.Collect$$rtentry$$00000002          0x080001ac   Section        0  __rtentry2.o(.ARM.Collect$$rtentry$$00000002)
    .ARM.Collect$$rtentry$$00000004          0x080001ac   Section        6  __rtentry4.o(.ARM.Collect$$rtentry$$00000004)
    .ARM.Collect$$rtentry$$00000009          0x080001b2   Section        0  __rtentry2.o(.ARM.Collect$$rtentry$$00000009)
    .ARM.Collect$$rtentry$$0000000A          0x080001b2   Section        4  __rtentry2.o(.ARM.Collect$$rtentry$$0000000A)
    .ARM.Collect$$rtentry$$0000000B          0x080001b6   Section        8  __rtentry2.o(.ARM.Collect$$rtentry$$0000000B)
    .ARM.Collect$$rtentry$$0000000D          0x080001be   Section        8  __rtentry2.o(.ARM.Collect$$rtentry$$0000000D)
    .ARM.Collect$$rtexit$$00000000           0x080001c6   Section        2  rtexit.o(.ARM.Collect$$rtexit$$00000000)
    .ARM.Collect$$rtexit$$00000002           0x080001c8   Section        0  rtexit2.o(.ARM.Collect$$rtexit$$00000002)
    .ARM.Collect$$rtexit$$00000003           0x080001c8   Section        4  rtexit2.o(.ARM.Collect$$rtexit$$00000003)
    .ARM.Collect$$rtexit$$00000004           0x080001cc   Section        6  rtexit2.o(.ARM.Collect$$rtexit$$00000004)
    .emb_text                                0x080001d4   Section       28  rtx_conf_cm.o(.emb_text)
    .emb_text                                0x080001f0   Section      304  hal_cm3.o(.emb_text)
    .text                                    0x08000320   Section       64  startup_stm32f10x_hd.o(.text)
    .text                                    0x08000360   Section        8  libspace.o(.text)
    .text                                    0x08000368   Section        0  exit.o(.text)
    .text                                    0x0800037a   Section        0  heapauxi.o(.text)
    .text                                    0x08000380   Section        0  sys_exit.o(.text)
    .text                                    0x0800038c   Section       74  sys_stackheap_outer.o(.text)
    .text                                    0x080003d6   Section        2  use_no_semi.o(.text)
    .text                                    0x080003d8   Section        0  indicate_semi.o(.text)
    SVC_TABLE                                0x080003d8   Section        4  svc_table.o(SVC_TABLE)
    i.GPIO_Init                              0x080003dc   Section        0  stm32f10x_gpio.o(i.GPIO_Init)
    i.NVIC_Init                              0x080004f4   Section        0  misc.o(i.NVIC_Init)
    i.RCC_APB1PeriphClockCmd                 0x08000564   Section        0  stm32f10x_rcc.o(i.RCC_APB1PeriphClockCmd)
    i.RCC_APB2PeriphClockCmd                 0x08000584   Section        0  stm32f10x_rcc.o(i.RCC_APB2PeriphClockCmd)
    i.RCC_GetClocksFreq                      0x080005a4   Section        0  stm32f10x_rcc.o(i.RCC_GetClocksFreq)
    i.SetSysClock                            0x08000678   Section        0  system_stm32f10x.o(i.SetSysClock)
    SetSysClock                              0x08000679   Thumb Code     8  system_stm32f10x.o(i.SetSysClock)
    i.SetSysClockTo72                        0x08000680   Section        0  system_stm32f10x.o(i.SetSysClockTo72)
    SetSysClockTo72                          0x08000681   Thumb Code   214  system_stm32f10x.o(i.SetSysClockTo72)
    i.SysTick_CLKSourceConfig                0x08000760   Section        0  misc.o(i.SysTick_CLKSourceConfig)
    i.SystemInit                             0x08000788   Section        0  system_stm32f10x.o(i.SystemInit)
    i.USART2_IRQHandler                      0x080007e8   Section        0  main.o(i.USART2_IRQHandler)
    i.USART_ClearFlag                        0x08000814   Section        0  stm32f10x_usart.o(i.USART_ClearFlag)
    i.USART_Cmd                              0x08000826   Section        0  stm32f10x_usart.o(i.USART_Cmd)
    i.USART_GetFlagStatus                    0x0800083e   Section        0  stm32f10x_usart.o(i.USART_GetFlagStatus)
    i.USART_ITConfig                         0x08000858   Section        0  stm32f10x_usart.o(i.USART_ITConfig)
    i.USART_Init                             0x080008a4   Section        0  stm32f10x_usart.o(i.USART_Init)
    i.USART_ReceiveData                      0x0800097c   Section        0  stm32f10x_usart.o(i.USART_ReceiveData)
    i.USART_SendData                         0x08000986   Section        0  stm32f10x_usart.o(i.USART_SendData)
    i._init_box                              0x0800098e   Section        0  rt_membox.o(i._init_box)
    i._mutex_acquire                         0x080009d4   Section        0  rtx_conf_cm.o(i._mutex_acquire)
    __tagsym$$used                           0x080009d5   Number         0  rtx_conf_cm.o(i._mutex_acquire)
    i._mutex_release                         0x080009f4   Section        0  rtx_conf_cm.o(i._mutex_release)
    __tagsym$$used                           0x080009f5   Number         0  rtx_conf_cm.o(i._mutex_release)
    i.dbg_init                               0x08000a10   Section        0  hal_cm.o(i.dbg_init)
    i.dbg_task_notify                        0x08000a40   Section        0  hal_cm.o(i.dbg_task_notify)
    i.dbg_task_switch                        0x08000a60   Section        0  hal_cm.o(i.dbg_task_switch)
    i.delayInit                              0x08000a70   Section        0  delay.o(i.delayInit)
    i.isrMessageGet                          0x08000ab4   Section        0  rt_cmsis.o(i.isrMessageGet)
    i.isrMessagePut                          0x08000ade   Section        0  rt_cmsis.o(i.isrMessagePut)
    i.isr_mbx_receive                        0x08000b0c   Section        0  rt_mailbox.o(i.isr_mbx_receive)
    i.isr_mbx_send                           0x08000b5e   Section        0  rt_mailbox.o(i.isr_mbx_send)
    i.main                                   0x08000b6c   Section        0  main.o(i.main)
    i.osKernelInitialize                     0x08000c0c   Section        0  rt_cmsis.o(i.osKernelInitialize)
    i.osKernelStart                          0x08000c30   Section        0  rt_cmsis.o(i.osKernelStart)
    i.osMessageGet                           0x08000c9c   Section        0  rt_cmsis.o(i.osMessageGet)
    i.osThreadCreate                         0x08000cb4   Section        0  rt_cmsis.o(i.osThreadCreate)
    i.osThreadExit                           0x08000ce4   Section        0  rt_cmsis.o(i.osThreadExit)
    i.osTimerCall                            0x08000cfc   Section        0  rt_cmsis.o(i.osTimerCall)
    i.osTimerThread                          0x08000d08   Section        0  rt_cmsis.o(i.osTimerThread)
    i.os_error                               0x08000d34   Section        0  rtx_conf_cm.o(i.os_error)
    i.os_idle_demon                          0x08000d54   Section        0  rtx_conf_cm.o(i.os_idle_demon)
    i.os_tick_init                           0x08000d58   Section        0  rt_system.o(i.os_tick_init)
    i.os_tick_irqack                         0x08000d80   Section        0  rt_system.o(i.os_tick_irqack)
    i.rt_alloc_box                           0x08000d82   Section        0  rt_membox.o(i.rt_alloc_box)
    i.rt_alloc_mem                           0x08000d9c   Section        0  rt_memory.o(i.rt_alloc_mem)
    i.rt_block                               0x08000ddc   Section        0  rt_task.o(i.rt_block)
    i.rt_chk_robin                           0x08000e14   Section        0  rt_robin.o(i.rt_chk_robin)
    i.rt_dec_dly                             0x08000e5c   Section        0  rt_list.o(i.rt_dec_dly)
    i.rt_dispatch                            0x08000ecc   Section        0  rt_task.o(i.rt_dispatch)
    i.rt_evt_psh                             0x08000f10   Section        0  rt_event.o(i.rt_evt_psh)
    i.rt_free_box                            0x08000f60   Section        0  rt_membox.o(i.rt_free_box)
    i.rt_free_mem                            0x08000f8c   Section        0  rt_memory.o(i.rt_free_mem)
    i.rt_get_first                           0x08000fb4   Section        0  rt_list.o(i.rt_get_first)
    i.rt_id2obj                              0x08000fdc   Section        0  rt_cmsis.o(i.rt_id2obj)
    rt_id2obj                                0x08000fdd   Thumb Code     8  rt_cmsis.o(i.rt_id2obj)
    i.rt_init_context                        0x08000fe4   Section        0  rt_task.o(i.rt_init_context)
    rt_init_context                          0x08000fe5   Thumb Code    66  rt_task.o(i.rt_init_context)
    i.rt_init_mem                            0x0800102c   Section        0  rt_memory.o(i.rt_init_mem)
    i.rt_init_robin                          0x08001048   Section        0  rt_robin.o(i.rt_init_robin)
    i.rt_init_stack                          0x08001060   Section        0  hal_cm.o(i.rt_init_stack)
    i.rt_mbx_check                           0x080010e0   Section        0  rt_mailbox.o(i.rt_mbx_check)
    i.rt_mbx_init                            0x080010e8   Section        0  rt_mailbox.o(i.rt_mbx_init)
    i.rt_mbx_psh                             0x08001104   Section        0  rt_mailbox.o(i.rt_mbx_psh)
    i.rt_mbx_wait                            0x080011f4   Section        0  rt_mailbox.o(i.rt_mbx_wait)
    i.rt_ms2tick                             0x080012a8   Section        0  rt_cmsis.o(i.rt_ms2tick)
    rt_ms2tick                               0x080012a9   Thumb Code    58  rt_cmsis.o(i.rt_ms2tick)
    i.rt_mut_release                         0x080012ec   Section        0  rt_mutex.o(i.rt_mut_release)
    i.rt_mut_wait                            0x080013c4   Section        0  rt_mutex.o(i.rt_mut_wait)
    i.rt_pop_req                             0x0800142c   Section        0  rt_system.o(i.rt_pop_req)
    i.rt_psh_req                             0x080014a8   Section        0  rt_system.o(i.rt_psh_req)
    i.rt_psq_enq                             0x080014c8   Section        0  rt_list.o(i.rt_psq_enq)
    i.rt_put_dly                             0x08001524   Section        0  rt_list.o(i.rt_put_dly)
    i.rt_put_prio                            0x0800156c   Section        0  rt_list.o(i.rt_put_prio)
    i.rt_put_rdy_first                       0x080015a4   Section        0  rt_list.o(i.rt_put_rdy_first)
    i.rt_resort_prio                         0x080015b8   Section        0  rt_list.o(i.rt_resort_prio)
    i.rt_ret_val                             0x080015ec   Section        0  hal_cm.o(i.rt_ret_val)
    i.rt_ret_val2                            0x080015f2   Section        0  hal_cm.o(i.rt_ret_val2)
    i.rt_rmv_dly                             0x080015fa   Section        0  rt_list.o(i.rt_rmv_dly)
    i.rt_rmv_list                            0x08001624   Section        0  rt_list.o(i.rt_rmv_list)
    i.rt_sem_psh                             0x08001654   Section        0  rt_semaphore.o(i.rt_sem_psh)
    i.rt_stk_check                           0x08001688   Section        0  rt_system.o(i.rt_stk_check)
    i.rt_switch_req                          0x080016ac   Section        0  rt_task.o(i.rt_switch_req)
    i.rt_sys_init                            0x080016d4   Section        0  rt_task.o(i.rt_sys_init)
    i.rt_sys_start                           0x080017a0   Section        0  rt_task.o(i.rt_sys_start)
    i.rt_systick                             0x08001818   Section        0  rt_system.o(i.rt_systick)
    i.rt_tid2ptcb                            0x08001858   Section        0  rt_cmsis.o(i.rt_tid2ptcb)
    rt_tid2ptcb                              0x08001859   Thumb Code    18  rt_cmsis.o(i.rt_tid2ptcb)
    i.rt_timer_insert                        0x0800186c   Section        0  rt_cmsis.o(i.rt_timer_insert)
    rt_timer_insert                          0x0800186d   Thumb Code    48  rt_cmsis.o(i.rt_timer_insert)
    i.rt_tsk_create                          0x080018a0   Section        0  rt_task.o(i.rt_tsk_create)
    i.rt_tsk_delete                          0x08001928   Section        0  rt_task.o(i.rt_tsk_delete)
    i.rt_tsk_prio                            0x08001aa4   Section        0  rt_task.o(i.rt_tsk_prio)
    i.rt_tsk_self                            0x08001b20   Section        0  rt_task.o(i.rt_tsk_self)
    i.svcKernelInitialize                    0x08001b30   Section        0  rt_cmsis.o(i.svcKernelInitialize)
    i.svcKernelStart                         0x08001ba0   Section        0  rt_cmsis.o(i.svcKernelStart)
    i.svcMessageCreate                       0x08001be8   Section        0  rt_cmsis.o(i.svcMessageCreate)
    i.svcMessageGet                          0x08001c0c   Section        0  rt_cmsis.o(i.svcMessageGet)
    i.svcThreadCreate                        0x08001c48   Section        0  rt_cmsis.o(i.svcThreadCreate)
    i.svcThreadGetId                         0x08001cb8   Section        0  rt_cmsis.o(i.svcThreadGetId)
    i.svcThreadTerminate                     0x08001cd4   Section        0  rt_cmsis.o(i.svcThreadTerminate)
    i.svcTimerCall                           0x08001d0c   Section        0  rt_cmsis.o(i.svcTimerCall)
    i.sysTimerTick                           0x08001d24   Section        0  rt_cmsis.o(i.sysTimerTick)
    .constdata                               0x08001d80   Section       86  rtx_conf_cm.o(.constdata)
    __tagsym$$used                           0x08001d9c   Number         0  rtx_conf_cm.o(.constdata)
    __tagsym$$used                           0x08001da0   Number         0  rtx_conf_cm.o(.constdata)
    __tagsym$$used                           0x08001da4   Number         0  rtx_conf_cm.o(.constdata)
    __tagsym$$used                           0x08001da8   Number         0  rtx_conf_cm.o(.constdata)
    .data                                    0x20000000   Section        4  delay.o(.data)
    fac_us                                   0x20000000   Data           1  delay.o(.data)
    fac_ms                                   0x20000002   Data           2  delay.o(.data)
    .data                                    0x20000004   Section       36  rtx_conf_cm.o(.data)
    nr_mutex                                 0x20000014   Data           4  rtx_conf_cm.o(.data)
    .data                                    0x20000028   Section       20  stm32f10x_rcc.o(.data)
    APBAHBPrescTable                         0x20000028   Data          16  stm32f10x_rcc.o(.data)
    ADCPrescTable                            0x20000038   Data           4  stm32f10x_rcc.o(.data)
    .data                                    0x2000003c   Section       20  system_stm32f10x.o(.data)
    .data                                    0x20000050   Section        8  rt_cmsis.o(.data)
    .data                                    0x20000058   Section        8  rt_task.o(.data)
    .data                                    0x20000060   Section        8  rt_system.o(.data)
    os_lock                                  0x20000060   Data           1  rt_system.o(.data)
    os_psh_flag                              0x20000061   Data           1  rt_system.o(.data)
    pend_flags                               0x20000062   Data           1  rt_system.o(.data)
    .data                                    0x20000068   Section        4  rt_time.o(.data)
    .data                                    0x2000006c   Section        8  rt_robin.o(.data)
    .data                                    0x20000074   Section        1  hal_cm.o(.data)
    .bss                                     0x20000078   Section     3016  rtx_conf_cm.o(.bss)
    std_libspace                             0x20000920   Data         672  rtx_conf_cm.o(.bss)
    std_libmutex                             0x20000bc0   Data         128  rtx_conf_cm.o(.bss)
    .bss                                     0x20000c40   Section       52  rt_task.o(.bss)
    .bss                                     0x20000c74   Section       48  rt_list.o(.bss)
    .bss                                     0x20000ca4   Section       96  libspace.o(.bss)
    HEAP                                     0x20000d08   Section      512  startup_stm32f10x_hd.o(HEAP)
    Heap_Mem                                 0x20000d08   Data         512  startup_stm32f10x_hd.o(HEAP)
    STACK                                    0x20000f08   Section     1024  startup_stm32f10x_hd.o(STACK)
    Stack_Mem                                0x20000f08   Data        1024  startup_stm32f10x_hd.o(STACK)
    __initial_sp                             0x20001308   Data           0  startup_stm32f10x_hd.o(STACK)

    Global Symbols

    Symbol Name                              Value     Ov Type        Size  Object(Section)

    BuildAttributes$$THM_ISAv4$P$D$K$B$S$PE$A:L22UL41UL21$X:L11$S22US41US21$IEEE1$IW$USESV6$~STKCKD$USESV7$~SHL$OSPACE$ROPI$EBA8$UX$STANDARDLIB$REQ8$PRES8$EABIv2 0x00000000   Number         0  anon$$obj.o ABSOLUTE
    __ARM_use_no_argv                        0x00000000   Number         0  main.o ABSOLUTE
    __ARM_exceptions_init                     - Undefined Weak Reference
    __alloca_initialize                       - Undefined Weak Reference
    __arm_preinit_                            - Undefined Weak Reference
    __cpp_initialize__aeabi_                  - Undefined Weak Reference
    __cxa_finalize                            - Undefined Weak Reference
    __rt_locale                               - Undefined Weak Reference
    __sigvec_lookup                           - Undefined Weak Reference
    _atexit_init                              - Undefined Weak Reference
    _call_atexit_fns                          - Undefined Weak Reference
    _clock_init                               - Undefined Weak Reference
    _fp_trap_init                             - Undefined Weak Reference
    _fp_trap_shutdown                         - Undefined Weak Reference
    _get_lc_collate                           - Undefined Weak Reference
    _get_lc_ctype                             - Undefined Weak Reference
    _get_lc_monetary                          - Undefined Weak Reference
    _get_lc_numeric                           - Undefined Weak Reference
    _get_lc_time                              - Undefined Weak Reference
    _getenv_init                              - Undefined Weak Reference
    _handle_redirection                       - Undefined Weak Reference
    _init_alloc                               - Undefined Weak Reference
    _init_user_alloc                          - Undefined Weak Reference
    _initio                                   - Undefined Weak Reference
    _rand_init                                - Undefined Weak Reference
    _signal_finish                            - Undefined Weak Reference
    _signal_init                              - Undefined Weak Reference
    _terminate_alloc                          - Undefined Weak Reference
    _terminate_user_alloc                     - Undefined Weak Reference
    _terminateio                              - Undefined Weak Reference
    __Vectors_Size                           0x00000130   Number         0  startup_stm32f10x_hd.o ABSOLUTE
    __RL_RTX_VER                             0x00000480   Number         0  rt_system.o ABSOLUTE
    __Vectors                                0x08000000   Data           4  startup_stm32f10x_hd.o(RESET)
    __Vectors_End                            0x08000130   Data           0  startup_stm32f10x_hd.o(RESET)
    __main                                   0x08000131   Thumb Code     8  __main.o(!!!main)
    __scatterload                            0x08000139   Thumb Code     0  __scatter.o(!!!scatter)
    __scatterload_rt2                        0x08000139   Thumb Code    44  __scatter.o(!!!scatter)
    __scatterload_rt2_thumb_only             0x08000139   Thumb Code     0  __scatter.o(!!!scatter)
    __scatterload_null                       0x08000147   Thumb Code     0  __scatter.o(!!!scatter)
    __scatterload_copy                       0x0800016d   Thumb Code    26  __scatter_copy.o(!!handler_copy)
    __scatterload_zeroinit                   0x08000189   Thumb Code    28  __scatter_zi.o(!!handler_zi)
    __rt_lib_init                            0x080001a5   Thumb Code     0  libinit.o(.ARM.Collect$$libinit$$00000000)
    __rt_lib_init_alloca_1                   0x080001a7   Thumb Code     0  libinit2.o(.ARM.Collect$$libinit$$0000002E)
    __rt_lib_init_argv_1                     0x080001a7   Thumb Code     0  libinit2.o(.ARM.Collect$$libinit$$0000002C)
    __rt_lib_init_atexit_1                   0x080001a7   Thumb Code     0  libinit2.o(.ARM.Collect$$libinit$$0000001B)
    __rt_lib_init_clock_1                    0x080001a7   Thumb Code     0  libinit2.o(.ARM.Collect$$libinit$$00000021)
    __rt_lib_init_cpp_1                      0x080001a7   Thumb Code     0  libinit2.o(.ARM.Collect$$libinit$$00000032)
    __rt_lib_init_exceptions_1               0x080001a7   Thumb Code     0  libinit2.o(.ARM.Collect$$libinit$$00000030)
    __rt_lib_init_fp_1                       0x080001a7   Thumb Code     0  libinit2.o(.ARM.Collect$$libinit$$00000002)
    __rt_lib_init_fp_trap_1                  0x080001a7   Thumb Code     0  libinit2.o(.ARM.Collect$$libinit$$0000001F)
    __rt_lib_init_getenv_1                   0x080001a7   Thumb Code     0  libinit2.o(.ARM.Collect$$libinit$$00000023)
    __rt_lib_init_heap_1                     0x080001a7   Thumb Code     0  libinit2.o(.ARM.Collect$$libinit$$0000000A)
    __rt_lib_init_lc_collate_1               0x080001a7   Thumb Code     0  libinit2.o(.ARM.Collect$$libinit$$00000011)
    __rt_lib_init_lc_ctype_1                 0x080001a7   Thumb Code     0  libinit2.o(.ARM.Collect$$libinit$$00000013)
    __rt_lib_init_lc_monetary_1              0x080001a7   Thumb Code     0  libinit2.o(.ARM.Collect$$libinit$$00000015)
    __rt_lib_init_lc_numeric_1               0x080001a7   Thumb Code     0  libinit2.o(.ARM.Collect$$libinit$$00000017)
    __rt_lib_init_lc_time_1                  0x080001a7   Thumb Code     0  libinit2.o(.ARM.Collect$$libinit$$00000019)
    __rt_lib_init_preinit_1                  0x080001a7   Thumb Code     0  libinit2.o(.ARM.Collect$$libinit$$00000004)
    __rt_lib_init_rand_1                     0x080001a7   Thumb Code     0  libinit2.o(.ARM.Collect$$libinit$$0000000E)
    __rt_lib_init_return                     0x080001a7   Thumb Code     0  libinit2.o(.ARM.Collect$$libinit$$00000033)
    __rt_lib_init_signal_1                   0x080001a7   Thumb Code     0  libinit2.o(.ARM.Collect$$libinit$$0000001D)
    __rt_lib_init_stdio_1                    0x080001a7   Thumb Code     0  libinit2.o(.ARM.Collect$$libinit$$00000025)
    __rt_lib_init_user_alloc_1               0x080001a7   Thumb Code     0  libinit2.o(.ARM.Collect$$libinit$$0000000C)
    __rt_lib_shutdown                        0x080001a9   Thumb Code     0  libshutdown.o(.ARM.Collect$$libshutdown$$00000000)
    __rt_lib_shutdown_cpp_1                  0x080001ab   Thumb Code     0  libshutdown2.o(.ARM.Collect$$libshutdown$$00000002)
    __rt_lib_shutdown_fp_trap_1              0x080001ab   Thumb Code     0  libshutdown2.o(.ARM.Collect$$libshutdown$$00000007)
    __rt_lib_shutdown_heap_1                 0x080001ab   Thumb Code     0  libshutdown2.o(.ARM.Collect$$libshutdown$$0000000F)
    __rt_lib_shutdown_return                 0x080001ab   Thumb Code     0  libshutdown2.o(.ARM.Collect$$libshutdown$$00000010)
    __rt_lib_shutdown_signal_1               0x080001ab   Thumb Code     0  libshutdown2.o(.ARM.Collect$$libshutdown$$0000000A)
    __rt_lib_shutdown_stdio_1                0x080001ab   Thumb Code     0  libshutdown2.o(.ARM.Collect$$libshutdown$$00000004)
    __rt_lib_shutdown_user_alloc_1           0x080001ab   Thumb Code     0  libshutdown2.o(.ARM.Collect$$libshutdown$$0000000C)
    __rt_entry                               0x080001ad   Thumb Code     0  __rtentry.o(.ARM.Collect$$rtentry$$00000000)
    __rt_entry_presh_1                       0x080001ad   Thumb Code     0  __rtentry2.o(.ARM.Collect$$rtentry$$00000002)
    __rt_entry_sh                            0x080001ad   Thumb Code     0  __rtentry4.o(.ARM.Collect$$rtentry$$00000004)
    __rt_entry_li                            0x080001b3   Thumb Code     0  __rtentry2.o(.ARM.Collect$$rtentry$$0000000A)
    __rt_entry_postsh_1                      0x080001b3   Thumb Code     0  __rtentry2.o(.ARM.Collect$$rtentry$$00000009)
    __rt_entry_postli_1                      0x080001b7   Thumb Code     0  __rtentry2.o(.ARM.Collect$$rtentry$$0000000B)
    __rt_entry_main                          0x080001bf   Thumb Code     0  __rtentry2.o(.ARM.Collect$$rtentry$$0000000D)
    __rt_exit                                0x080001c7   Thumb Code     0  rtexit.o(.ARM.Collect$$rtexit$$00000000)
    __rt_exit_ls                             0x080001c9   Thumb Code     0  rtexit2.o(.ARM.Collect$$rtexit$$00000003)
    __rt_exit_prels_1                        0x080001c9   Thumb Code     0  rtexit2.o(.ARM.Collect$$rtexit$$00000002)
    __rt_exit_exit                           0x080001cd   Thumb Code     0  rtexit2.o(.ARM.Collect$$rtexit$$00000004)
    _platform_post_lib_init                  0x080001d5   Thumb Code    24  rtx_conf_cm.o(.emb_text)
    rt_set_PSP                               0x080001f1   Thumb Code     6  hal_cm3.o(.emb_text)
    rt_get_PSP                               0x080001f7   Thumb Code     6  hal_cm3.o(.emb_text)
    os_set_env                               0x080001fd   Thumb Code    24  hal_cm3.o(.emb_text)
    _alloc_box                               0x08000219   Thumb Code    28  hal_cm3.o(.emb_text)
    _free_box                                0x08000239   Thumb Code    28  hal_cm3.o(.emb_text)
    SVC_Handler                              0x08000259   Thumb Code   108  hal_cm3.o(.emb_text)
    PendSV_Handler                           0x080002d1   Thumb Code    56  hal_cm3.o(.emb_text)
    SysTick_Handler                          0x0800030d   Thumb Code     8  hal_cm3.o(.emb_text)
    OS_Tick_Handler                          0x08000315   Thumb Code    12  hal_cm3.o(.emb_text)
    Reset_Handler                            0x08000321   Thumb Code     8  startup_stm32f10x_hd.o(.text)
    NMI_Handler                              0x08000329   Thumb Code     2  startup_stm32f10x_hd.o(.text)
    HardFault_Handler                        0x0800032b   Thumb Code     2  startup_stm32f10x_hd.o(.text)
    MemManage_Handler                        0x0800032d   Thumb Code     2  startup_stm32f10x_hd.o(.text)
    BusFault_Handler                         0x0800032f   Thumb Code     2  startup_stm32f10x_hd.o(.text)
    UsageFault_Handler                       0x08000331   Thumb Code     2  startup_stm32f10x_hd.o(.text)
    DebugMon_Handler                         0x08000335   Thumb Code     2  startup_stm32f10x_hd.o(.text)
    ADC1_2_IRQHandler                        0x0800033b   Thumb Code     0  startup_stm32f10x_hd.o(.text)
    ADC3_IRQHandler                          0x0800033b   Thumb Code     0  startup_stm32f10x_hd.o(.text)
    CAN1_RX1_IRQHandler                      0x0800033b   Thumb Code     0  startup_stm32f10x_hd.o(.text)
    CAN1_SCE_IRQHandler                      0x0800033b   Thumb Code     0  startup_stm32f10x_hd.o(.text)
    DMA1_Channel1_IRQHandler                 0x0800033b   Thumb Code     0  startup_stm32f10x_hd.o(.text)
    DMA1_Channel2_IRQHandler                 0x0800033b   Thumb Code     0  startup_stm32f10x_hd.o(.text)
    DMA1_Channel3_IRQHandler                 0x0800033b   Thumb Code     0  startup_stm32f10x_hd.o(.text)
    DMA1_Channel4_IRQHandler                 0x0800033b   Thumb Code     0  startup_stm32f10x_hd.o(.text)
    DMA1_Channel5_IRQHandler                 0x0800033b   Thumb Code     0  startup_stm32f10x_hd.o(.text)
    DMA1_Channel6_IRQHandler                 0x0800033b   Thumb Code     0  startup_stm32f10x_hd.o(.text)
    DMA1_Channel7_IRQHandler                 0x0800033b   Thumb Code     0  startup_stm32f10x_hd.o(.text)
    DMA2_Channel1_IRQHandler                 0x0800033b   Thumb Code     0  startup_stm32f10x_hd.o(.text)
    DMA2_Channel2_IRQHandler                 0x0800033b   Thumb Code     0  startup_stm32f10x_hd.o(.text)
    DMA2_Channel3_IRQHandler                 0x0800033b   Thumb Code     0  startup_stm32f10x_hd.o(.text)
    DMA2_Channel4_5_IRQHandler               0x0800033b   Thumb Code     0  startup_stm32f10x_hd.o(.text)
    EXTI0_IRQHandler                         0x0800033b   Thumb Code     0  startup_stm32f10x_hd.o(.text)
    EXTI15_10_IRQHandler                     0x0800033b   Thumb Code     0  startup_stm32f10x_hd.o(.text)
    EXTI1_IRQHandler                         0x0800033b   Thumb Code     0  startup_stm32f10x_hd.o(.text)
    EXTI2_IRQHandler                         0x0800033b   Thumb Code     0  startup_stm32f10x_hd.o(.text)
    EXTI3_IRQHandler                         0x0800033b   Thumb Code     0  startup_stm32f10x_hd.o(.text)
    EXTI4_IRQHandler                         0x0800033b   Thumb Code     0  startup_stm32f10x_hd.o(.text)
    EXTI9_5_IRQHandler                       0x0800033b   Thumb Code     0  startup_stm32f10x_hd.o(.text)
    FLASH_IRQHandler                         0x0800033b   Thumb Code     0  startup_stm32f10x_hd.o(.text)
    FSMC_IRQHandler                          0x0800033b   Thumb Code     0  startup_stm32f10x_hd.o(.text)
    I2C1_ER_IRQHandler                       0x0800033b   Thumb Code     0  startup_stm32f10x_hd.o(.text)
    I2C1_EV_IRQHandler                       0x0800033b   Thumb Code     0  startup_stm32f10x_hd.o(.text)
    I2C2_ER_IRQHandler                       0x0800033b   Thumb Code     0  startup_stm32f10x_hd.o(.text)
    I2C2_EV_IRQHandler                       0x0800033b   Thumb Code     0  startup_stm32f10x_hd.o(.text)
    PVD_IRQHandler                           0x0800033b   Thumb Code     0  startup_stm32f10x_hd.o(.text)
    RCC_IRQHandler                           0x0800033b   Thumb Code     0  startup_stm32f10x_hd.o(.text)
    RTCAlarm_IRQHandler                      0x0800033b   Thumb Code     0  startup_stm32f10x_hd.o(.text)
    RTC_IRQHandler                           0x0800033b   Thumb Code     0  startup_stm32f10x_hd.o(.text)
    SDIO_IRQHandler                          0x0800033b   Thumb Code     0  startup_stm32f10x_hd.o(.text)
    SPI1_IRQHandler                          0x0800033b   Thumb Code     0  startup_stm32f10x_hd.o(.text)
    SPI2_IRQHandler                          0x0800033b   Thumb Code     0  startup_stm32f10x_hd.o(.text)
    SPI3_IRQHandler                          0x0800033b   Thumb Code     0  startup_stm32f10x_hd.o(.text)
    TAMPER_IRQHandler                        0x0800033b   Thumb Code     0  startup_stm32f10x_hd.o(.text)
    TIM1_BRK_IRQHandler                      0x0800033b   Thumb Code     0  startup_stm32f10x_hd.o(.text)
    TIM1_CC_IRQHandler                       0x0800033b   Thumb Code     0  startup_stm32f10x_hd.o(.text)
    TIM1_TRG_COM_IRQHandler                  0x0800033b   Thumb Code     0  startup_stm32f10x_hd.o(.text)
    TIM1_UP_IRQHandler                       0x0800033b   Thumb Code     0  startup_stm32f10x_hd.o(.text)
    TIM2_IRQHandler                          0x0800033b   Thumb Code     0  startup_stm32f10x_hd.o(.text)
    TIM3_IRQHandler                          0x0800033b   Thumb Code     0  startup_stm32f10x_hd.o(.text)
    TIM4_IRQHandler                          0x0800033b   Thumb Code     0  startup_stm32f10x_hd.o(.text)
    TIM5_IRQHandler                          0x0800033b   Thumb Code     0  startup_stm32f10x_hd.o(.text)
    TIM6_IRQHandler                          0x0800033b   Thumb Code     0  startup_stm32f10x_hd.o(.text)
    TIM7_IRQHandler                          0x0800033b   Thumb Code     0  startup_stm32f10x_hd.o(.text)
    TIM8_BRK_IRQHandler                      0x0800033b   Thumb Code     0  startup_stm32f10x_hd.o(.text)
    TIM8_CC_IRQHandler                       0x0800033b   Thumb Code     0  startup_stm32f10x_hd.o(.text)
    TIM8_TRG_COM_IRQHandler                  0x0800033b   Thumb Code     0  startup_stm32f10x_hd.o(.text)
    TIM8_UP_IRQHandler                       0x0800033b   Thumb Code     0  startup_stm32f10x_hd.o(.text)
    UART4_IRQHandler                         0x0800033b   Thumb Code     0  startup_stm32f10x_hd.o(.text)
    UART5_IRQHandler                         0x0800033b   Thumb Code     0  startup_stm32f10x_hd.o(.text)
    USART1_IRQHandler                        0x0800033b   Thumb Code     0  startup_stm32f10x_hd.o(.text)
    USART3_IRQHandler                        0x0800033b   Thumb Code     0  startup_stm32f10x_hd.o(.text)
    USBWakeUp_IRQHandler                     0x0800033b   Thumb Code     0  startup_stm32f10x_hd.o(.text)
    USB_HP_CAN1_TX_IRQHandler                0x0800033b   Thumb Code     0  startup_stm32f10x_hd.o(.text)
    USB_LP_CAN1_RX0_IRQHandler               0x0800033b   Thumb Code     0  startup_stm32f10x_hd.o(.text)
    WWDG_IRQHandler                          0x0800033b   Thumb Code     0  startup_stm32f10x_hd.o(.text)
    __user_initial_stackheap                 0x0800033d   Thumb Code     0  startup_stm32f10x_hd.o(.text)
    __user_libspace                          0x08000361   Thumb Code     8  libspace.o(.text)
    __user_perproc_libspace                  0x08000361   Thumb Code     0  libspace.o(.text)
    exit                                     0x08000369   Thumb Code    18  exit.o(.text)
    __use_two_region_memory                  0x0800037b   Thumb Code     2  heapauxi.o(.text)
    __rt_heap_escrow$2region                 0x0800037d   Thumb Code     2  heapauxi.o(.text)
    __rt_heap_expand$2region                 0x0800037f   Thumb Code     2  heapauxi.o(.text)
    _sys_exit                                0x08000381   Thumb Code     8  sys_exit.o(.text)
    __user_setup_stackheap                   0x0800038d   Thumb Code    74  sys_stackheap_outer.o(.text)
    __I$use$semihosting                      0x080003d7   Thumb Code     0  use_no_semi.o(.text)
    __use_no_semihosting_swi                 0x080003d7   Thumb Code     2  use_no_semi.o(.text)
    SVC_Count                                0x080003d8   Data           4  svc_table.o(SVC_TABLE)
    __semihosting_library_function           0x080003d9   Thumb Code     0  indicate_semi.o(.text)
    GPIO_Init                                0x080003dd   Thumb Code   278  stm32f10x_gpio.o(i.GPIO_Init)
    SVC_Table                                0x080003dc   Data           0  svc_table.o(SVC_TABLE)
    NVIC_Init                                0x080004f5   Thumb Code   100  misc.o(i.NVIC_Init)
    RCC_APB1PeriphClockCmd                   0x08000565   Thumb Code    26  stm32f10x_rcc.o(i.RCC_APB1PeriphClockCmd)
    RCC_APB2PeriphClockCmd                   0x08000585   Thumb Code    26  stm32f10x_rcc.o(i.RCC_APB2PeriphClockCmd)
    RCC_GetClocksFreq                        0x080005a5   Thumb Code   192  stm32f10x_rcc.o(i.RCC_GetClocksFreq)
    SysTick_CLKSourceConfig                  0x08000761   Thumb Code    40  misc.o(i.SysTick_CLKSourceConfig)
    SystemInit                               0x08000789   Thumb Code    78  system_stm32f10x.o(i.SystemInit)
    USART2_IRQHandler                        0x080007e9   Thumb Code    40  main.o(i.USART2_IRQHandler)
    USART_ClearFlag                          0x08000815   Thumb Code    18  stm32f10x_usart.o(i.USART_ClearFlag)
    USART_Cmd                                0x08000827   Thumb Code    24  stm32f10x_usart.o(i.USART_Cmd)
    USART_GetFlagStatus                      0x0800083f   Thumb Code    26  stm32f10x_usart.o(i.USART_GetFlagStatus)
    USART_ITConfig                           0x08000859   Thumb Code    74  stm32f10x_usart.o(i.USART_ITConfig)
    USART_Init                               0x080008a5   Thumb Code   210  stm32f10x_usart.o(i.USART_Init)
    USART_ReceiveData                        0x0800097d   Thumb Code    10  stm32f10x_usart.o(i.USART_ReceiveData)
    USART_SendData                           0x08000987   Thumb Code     8  stm32f10x_usart.o(i.USART_SendData)
    _init_box                                0x0800098f   Thumb Code    70  rt_membox.o(i._init_box)
    _mutex_acquire                           0x080009d5   Thumb Code    22  rtx_conf_cm.o(i._mutex_acquire)
    _mutex_release                           0x080009f5   Thumb Code    18  rtx_conf_cm.o(i._mutex_release)
    dbg_init                                 0x08000a11   Thumb Code    34  hal_cm.o(i.dbg_init)
    dbg_task_notify                          0x08000a41   Thumb Code    32  hal_cm.o(i.dbg_task_notify)
    dbg_task_switch                          0x08000a61   Thumb Code    16  hal_cm.o(i.dbg_task_switch)
    delayInit                                0x08000a71   Thumb Code    50  delay.o(i.delayInit)
    isrMessageGet                            0x08000ab5   Thumb Code    42  rt_cmsis.o(i.isrMessageGet)
    isrMessagePut                            0x08000adf   Thumb Code    44  rt_cmsis.o(i.isrMessagePut)
    isr_mbx_receive                          0x08000b0d   Thumb Code    82  rt_mailbox.o(i.isr_mbx_receive)
    isr_mbx_send                             0x08000b5f   Thumb Code    14  rt_mailbox.o(i.isr_mbx_send)
    main                                     0x08000b6d   Thumb Code   150  main.o(i.main)
    osKernelInitialize                       0x08000c0d   Thumb Code    30  rt_cmsis.o(i.osKernelInitialize)
    osKernelStart                            0x08000c31   Thumb Code    98  rt_cmsis.o(i.osKernelStart)
    osMessageGet                             0x08000c9d   Thumb Code    18  rt_cmsis.o(i.osMessageGet)
    osThreadCreate                           0x08000cb5   Thumb Code    38  rt_cmsis.o(i.osThreadCreate)
    osThreadExit                             0x08000ce5   Thumb Code    14  rt_cmsis.o(i.osThreadExit)
    osTimerCall                              0x08000cfd   Thumb Code     8  rt_cmsis.o(i.osTimerCall)
    osTimerThread                            0x08000d09   Thumb Code    38  rt_cmsis.o(i.osTimerThread)
    os_error                                 0x08000d35   Thumb Code    32  rtx_conf_cm.o(i.os_error)
    os_idle_demon                            0x08000d55   Thumb Code     4  rtx_conf_cm.o(i.os_idle_demon)
    os_tick_init                             0x08000d59   Thumb Code    32  rt_system.o(i.os_tick_init)
    os_tick_irqack                           0x08000d81   Thumb Code     2  rt_system.o(i.os_tick_irqack)
    rt_alloc_box                             0x08000d83   Thumb Code    26  rt_membox.o(i.rt_alloc_box)
    rt_alloc_mem                             0x08000d9d   Thumb Code    62  rt_memory.o(i.rt_alloc_mem)
    rt_block                                 0x08000ddd   Thumb Code    48  rt_task.o(i.rt_block)
    rt_chk_robin                             0x08000e15   Thumb Code    60  rt_robin.o(i.rt_chk_robin)
    rt_dec_dly                               0x08000e5d   Thumb Code   102  rt_list.o(i.rt_dec_dly)
    rt_dispatch                              0x08000ecd   Thumb Code    60  rt_task.o(i.rt_dispatch)
    rt_evt_psh                               0x08000f11   Thumb Code    76  rt_event.o(i.rt_evt_psh)
    rt_free_box                              0x08000f61   Thumb Code    44  rt_membox.o(i.rt_free_box)
    rt_free_mem                              0x08000f8d   Thumb Code    40  rt_memory.o(i.rt_free_mem)
    rt_get_first                             0x08000fb5   Thumb Code    40  rt_list.o(i.rt_get_first)
    rt_init_mem                              0x0800102d   Thumb Code    26  rt_memory.o(i.rt_init_mem)
    rt_init_robin                            0x08001049   Thumb Code    14  rt_robin.o(i.rt_init_robin)
    rt_init_stack                            0x08001061   Thumb Code   118  hal_cm.o(i.rt_init_stack)
    rt_mbx_check                             0x080010e1   Thumb Code     8  rt_mailbox.o(i.rt_mbx_check)
    rt_mbx_init                              0x080010e9   Thumb Code    26  rt_mailbox.o(i.rt_mbx_init)
    rt_mbx_psh                               0x08001105   Thumb Code   236  rt_mailbox.o(i.rt_mbx_psh)
    rt_mbx_wait                              0x080011f5   Thumb Code   174  rt_mailbox.o(i.rt_mbx_wait)
    rt_mut_release                           0x080012ed   Thumb Code   208  rt_mutex.o(i.rt_mut_release)
    rt_mut_wait                              0x080013c5   Thumb Code   100  rt_mutex.o(i.rt_mut_wait)
    rt_pop_req                               0x0800142d   Thumb Code   112  rt_system.o(i.rt_pop_req)
    rt_psh_req                               0x080014a9   Thumb Code    22  rt_system.o(i.rt_psh_req)
    rt_psq_enq                               0x080014c9   Thumb Code    88  rt_list.o(i.rt_psq_enq)
    rt_put_dly                               0x08001525   Thumb Code    68  rt_list.o(i.rt_put_dly)
    rt_put_prio                              0x0800156d   Thumb Code    54  rt_list.o(i.rt_put_prio)
    rt_put_rdy_first                         0x080015a5   Thumb Code    14  rt_list.o(i.rt_put_rdy_first)
    rt_resort_prio                           0x080015b9   Thumb Code    46  rt_list.o(i.rt_resort_prio)
    rt_ret_val                               0x080015ed   Thumb Code     6  hal_cm.o(i.rt_ret_val)
    rt_ret_val2                              0x080015f3   Thumb Code     8  hal_cm.o(i.rt_ret_val2)
    rt_rmv_dly                               0x080015fb   Thumb Code    40  rt_list.o(i.rt_rmv_dly)
    rt_rmv_list                              0x08001625   Thumb Code    44  rt_list.o(i.rt_rmv_list)
    rt_sem_psh                               0x08001655   Thumb Code    48  rt_semaphore.o(i.rt_sem_psh)
    rt_stk_check                             0x08001689   Thumb Code    28  rt_system.o(i.rt_stk_check)
    rt_switch_req                            0x080016ad   Thumb Code    30  rt_task.o(i.rt_switch_req)
    rt_sys_init                              0x080016d5   Thumb Code   138  rt_task.o(i.rt_sys_init)
    rt_sys_start                             0x080017a1   Thumb Code   110  rt_task.o(i.rt_sys_start)
    rt_systick                               0x08001819   Thumb Code    50  rt_system.o(i.rt_systick)
    rt_tsk_create                            0x080018a1   Thumb Code   118  rt_task.o(i.rt_tsk_create)
    rt_tsk_delete                            0x08001929   Thumb Code   352  rt_task.o(i.rt_tsk_delete)
    rt_tsk_prio                              0x08001aa5   Thumb Code   108  rt_task.o(i.rt_tsk_prio)
    rt_tsk_self                              0x08001b21   Thumb Code    12  rt_task.o(i.rt_tsk_self)
    svcKernelInitialize                      0x08001b31   Thumb Code    80  rt_cmsis.o(i.svcKernelInitialize)
    svcKernelStart                           0x08001ba1   Thumb Code    62  rt_cmsis.o(i.svcKernelStart)
    svcMessageCreate                         0x08001be9   Thumb Code    36  rt_cmsis.o(i.svcMessageCreate)
    svcMessageGet                            0x08001c0d   Thumb Code    58  rt_cmsis.o(i.svcMessageGet)
    svcThreadCreate                          0x08001c49   Thumb Code   100  rt_cmsis.o(i.svcThreadCreate)
    svcThreadGetId                           0x08001cb9   Thumb Code    22  rt_cmsis.o(i.svcThreadGetId)
    svcThreadTerminate                       0x08001cd5   Thumb Code    50  rt_cmsis.o(i.svcThreadTerminate)
    svcTimerCall                             0x08001d0d   Thumb Code    24  rt_cmsis.o(i.svcTimerCall)
    sysTimerTick                             0x08001d25   Thumb Code    84  rt_cmsis.o(i.sysTimerTick)
    os_maxtaskrun                            0x08001d80   Data           2  rtx_conf_cm.o(.constdata)
    os_stackinfo                             0x08001d84   Data           4  rtx_conf_cm.o(.constdata)
    os_rrobin                                0x08001d88   Data           4  rtx_conf_cm.o(.constdata)
    os_tickfreq                              0x08001d8c   Data           4  rtx_conf_cm.o(.constdata)
    os_tickus_i                              0x08001d90   Data           2  rtx_conf_cm.o(.constdata)
    os_tickus_f                              0x08001d92   Data           2  rtx_conf_cm.o(.constdata)
    os_trv                                   0x08001d94   Data           4  rtx_conf_cm.o(.constdata)
    os_flags                                 0x08001d98   Data           1  rtx_conf_cm.o(.constdata)
    CMSIS_RTOS_API_Version                   0x08001d9c   Data           4  rtx_conf_cm.o(.constdata)
    CMSIS_RTOS_RTX_Version                   0x08001da0   Data           4  rtx_conf_cm.o(.constdata)
    os_clockrate                             0x08001da4   Data           4  rtx_conf_cm.o(.constdata)
    os_timernum                              0x08001da8   Data           4  rtx_conf_cm.o(.constdata)
    mp_tcb_size                              0x08001dac   Data           2  rtx_conf_cm.o(.constdata)
    mp_stk_size                              0x08001db0   Data           4  rtx_conf_cm.o(.constdata)
    os_stack_sz                              0x08001db4   Data           4  rtx_conf_cm.o(.constdata)
    os_fifo_size                             0x08001db8   Data           1  rtx_conf_cm.o(.constdata)
    os_thread_def_osTimerThread              0x08001dbc   Data          16  rtx_conf_cm.o(.constdata)
    os_messageQ_def_osTimerMessageQ          0x08001dcc   Data           8  rtx_conf_cm.o(.constdata)
    mp_tmr_size                              0x08001dd4   Data           2  rtx_conf_cm.o(.constdata)
    Region$$Table$$Base                      0x08001dd8   Number         0  anon$$obj.o(Region$$Table)
    Region$$Table$$Limit                     0x08001df8   Number         0  anon$$obj.o(Region$$Table)
    osThreadId_osTimerThread                 0x20000004   Data           4  rtx_conf_cm.o(.data)
    osMessageQId_osTimerMessageQ             0x20000008   Data           4  rtx_conf_cm.o(.data)
    os_tmr                                   0x2000000c   Data           4  rtx_conf_cm.o(.data)
    m_tmr                                    0x20000010   Data           4  rtx_conf_cm.o(.data)
    os_thread_def_main                       0x20000018   Data          16  rtx_conf_cm.o(.data)
    SystemCoreClock                          0x2000003c   Data           4  system_stm32f10x.o(.data)
    AHBPrescTable                            0x20000040   Data          16  system_stm32f10x.o(.data)
    os_initialized                           0x20000050   Data           1  rt_cmsis.o(.data)
    os_running                               0x20000051   Data           1  rt_cmsis.o(.data)
    os_timer_head                            0x20000054   Data           4  rt_cmsis.o(.data)
    os_tsk                                   0x20000058   Data           8  rt_task.o(.data)
    os_tick_irqn                             0x20000064   Data           4  rt_system.o(.data)
    os_time                                  0x20000068   Data           4  rt_time.o(.data)
    os_robin                                 0x2000006c   Data           8  rt_robin.o(.data)
    dbg_msg                                  0x20000074   Data           1  hal_cm.o(.data)
    mp_tcb                                   0x20000078   Data         376  rtx_conf_cm.o(.bss)
    mp_stk                                   0x200001f0   Data        1216  rtx_conf_cm.o(.bss)
    os_stack_mem                             0x200006b0   Data         432  rtx_conf_cm.o(.bss)
    os_fifo                                  0x20000860   Data         132  rtx_conf_cm.o(.bss)
    os_active_TCB                            0x200008e4   Data          28  rtx_conf_cm.o(.bss)
    os_messageQ_q_osTimerMessageQ            0x20000900   Data          32  rtx_conf_cm.o(.bss)
    os_idle_TCB                              0x20000c40   Data          52  rt_task.o(.bss)
    os_rdy                                   0x20000c74   Data          24  rt_list.o(.bss)
    os_dly                                   0x20000c8c   Data          24  rt_list.o(.bss)
    __libspace_start                         0x20000ca4   Data          96  libspace.o(.bss)
    __temporary_stack_top$libspace           0x20000d04   Data           0  libspace.o(.bss)



==============================================================================

Memory Map of the image

  Image Entry point : 0x08000131

  Load Region LR_IROM1 (Base: 0x08000000, Size: 0x00001e70, Max: 0x00040000, ABSOLUTE)

    Execution Region ER_IROM1 (Base: 0x08000000, Size: 0x00001df8, Max: 0x00040000, ABSOLUTE)

    Base Addr    Size         Type   Attr      Idx    E Section Name        Object

    0x08000000   0x00000130   Data   RO          815    RESET               startup_stm32f10x_hd.o
    0x08000130   0x00000008   Code   RO         2088  * !!!main             c_w.l(__main.o)
    0x08000138   0x00000034   Code   RO         2249    !!!scatter          c_w.l(__scatter.o)
    0x0800016c   0x0000001a   Code   RO         2251    !!handler_copy      c_w.l(__scatter_copy.o)
    0x08000186   0x00000002   PAD
    0x08000188   0x0000001c   Code   RO         2253    !!handler_zi        c_w.l(__scatter_zi.o)
    0x080001a4   0x00000002   Code   RO         2135    .ARM.Collect$$libinit$$00000000  c_w.l(libinit.o)
    0x080001a6   0x00000000   Code   RO         2147    .ARM.Collect$$libinit$$00000002  c_w.l(libinit2.o)
    0x080001a6   0x00000000   Code   RO         2149    .ARM.Collect$$libinit$$00000004  c_w.l(libinit2.o)
    0x080001a6   0x00000000   Code   RO         2152    .ARM.Collect$$libinit$$0000000A  c_w.l(libinit2.o)
    0x080001a6   0x00000000   Code   RO         2154    .ARM.Collect$$libinit$$0000000C  c_w.l(libinit2.o)
    0x080001a6   0x00000000   Code   RO         2156    .ARM.Collect$$libinit$$0000000E  c_w.l(libinit2.o)
    0x080001a6   0x00000000   Code   RO         2159    .ARM.Collect$$libinit$$00000011  c_w.l(libinit2.o)
    0x080001a6   0x00000000   Code   RO         2161    .ARM.Collect$$libinit$$00000013  c_w.l(libinit2.o)
    0x080001a6   0x00000000   Code   RO         2163    .ARM.Collect$$libinit$$00000015  c_w.l(libinit2.o)
    0x080001a6   0x00000000   Code   RO         2165    .ARM.Collect$$libinit$$00000017  c_w.l(libinit2.o)
    0x080001a6   0x00000000   Code   RO         2167    .ARM.Collect$$libinit$$00000019  c_w.l(libinit2.o)
    0x080001a6   0x00000000   Code   RO         2169    .ARM.Collect$$libinit$$0000001B  c_w.l(libinit2.o)
    0x080001a6   0x00000000   Code   RO         2171    .ARM.Collect$$libinit$$0000001D  c_w.l(libinit2.o)
    0x080001a6   0x00000000   Code   RO         2173    .ARM.Collect$$libinit$$0000001F  c_w.l(libinit2.o)
    0x080001a6   0x00000000   Code   RO         2175    .ARM.Collect$$libinit$$00000021  c_w.l(libinit2.o)
    0x080001a6   0x00000000   Code   RO         2177    .ARM.Collect$$libinit$$00000023  c_w.l(libinit2.o)
    0x080001a6   0x00000000   Code   RO         2179    .ARM.Collect$$libinit$$00000025  c_w.l(libinit2.o)
    0x080001a6   0x00000000   Code   RO         2183    .ARM.Collect$$libinit$$0000002C  c_w.l(libinit2.o)
    0x080001a6   0x00000000   Code   RO         2185    .ARM.Collect$$libinit$$0000002E  c_w.l(libinit2.o)
    0x080001a6   0x00000000   Code   RO         2187    .ARM.Collect$$libinit$$00000030  c_w.l(libinit2.o)
    0x080001a6   0x00000000   Code   RO         2189    .ARM.Collect$$libinit$$00000032  c_w.l(libinit2.o)
    0x080001a6   0x00000002   Code   RO         2190    .ARM.Collect$$libinit$$00000033  c_w.l(libinit2.o)
    0x080001a8   0x00000002   Code   RO         2136    .ARM.Collect$$libshutdown$$00000000  c_w.l(libshutdown.o)
    0x080001aa   0x00000000   Code   RO         2192    .ARM.Collect$$libshutdown$$00000002  c_w.l(libshutdown2.o)
    0x080001aa   0x00000000   Code   RO         2194    .ARM.Collect$$libshutdown$$00000004  c_w.l(libshutdown2.o)
    0x080001aa   0x00000000   Code   RO         2197    .ARM.Collect$$libshutdown$$00000007  c_w.l(libshutdown2.o)
    0x080001aa   0x00000000   Code   RO         2200    .ARM.Collect$$libshutdown$$0000000A  c_w.l(libshutdown2.o)
    0x080001aa   0x00000000   Code   RO         2202    .ARM.Collect$$libshutdown$$0000000C  c_w.l(libshutdown2.o)
    0x080001aa   0x00000000   Code   RO         2205    .ARM.Collect$$libshutdown$$0000000F  c_w.l(libshutdown2.o)
    0x080001aa   0x00000002   Code   RO         2206    .ARM.Collect$$libshutdown$$00000010  c_w.l(libshutdown2.o)
    0x080001ac   0x00000000   Code   RO         2090    .ARM.Collect$$rtentry$$00000000  c_w.l(__rtentry.o)
    0x080001ac   0x00000000   Code   RO         2098    .ARM.Collect$$rtentry$$00000002  c_w.l(__rtentry2.o)
    0x080001ac   0x00000006   Code   RO         2110    .ARM.Collect$$rtentry$$00000004  c_w.l(__rtentry4.o)
    0x080001b2   0x00000000   Code   RO         2100    .ARM.Collect$$rtentry$$00000009  c_w.l(__rtentry2.o)
    0x080001b2   0x00000004   Code   RO         2101    .ARM.Collect$$rtentry$$0000000A  c_w.l(__rtentry2.o)
    0x080001b6   0x00000008   Code   RO         2102    .ARM.Collect$$rtentry$$0000000B  c_w.l(__rtentry2.o)
    0x080001be   0x00000008   Code   RO         2104    .ARM.Collect$$rtentry$$0000000D  c_w.l(__rtentry2.o)
    0x080001c6   0x00000002   Code   RO         2091    .ARM.Collect$$rtexit$$00000000  c_w.l(rtexit.o)
    0x080001c8   0x00000000   Code   RO         2113    .ARM.Collect$$rtexit$$00000002  c_w.l(rtexit2.o)
    0x080001c8   0x00000004   Code   RO         2114    .ARM.Collect$$rtexit$$00000003  c_w.l(rtexit2.o)
    0x080001cc   0x00000006   Code   RO         2115    .ARM.Collect$$rtexit$$00000004  c_w.l(rtexit2.o)
    0x080001d2   0x00000002   PAD
    0x080001d4   0x0000001c   Code   RO          174    .emb_text           rtx_conf_cm.o
    0x080001f0   0x00000130   Code   RO         2064    .emb_text           RTX_CM3.lib(hal_cm3.o)
    0x08000320   0x00000040   Code   RO          816    .text               startup_stm32f10x_hd.o
    0x08000360   0x00000008   Code   RO         2079    .text               c_w.l(libspace.o)
    0x08000368   0x00000012   Code   RO         2084    .text               c_w.l(exit.o)
    0x0800037a   0x00000006   Code   RO         2086    .text               c_w.l(heapauxi.o)
    0x08000380   0x0000000c   Code   RO         2121    .text               c_w.l(sys_exit.o)
    0x0800038c   0x0000004a   Code   RO         2123    .text               c_w.l(sys_stackheap_outer.o)
    0x080003d6   0x00000002   Code   RO         2137    .text               c_w.l(use_no_semi.o)
    0x080003d8   0x00000000   Code   RO         2139    .text               c_w.l(indicate_semi.o)
    0x080003d8   0x00000004   Code   RO         2074    SVC_TABLE           RTX_CM3.lib(svc_table.o)
    0x080003dc   0x00000116   Code   RO          292    i.GPIO_Init         stm32f10x_gpio.o
    0x080004f2   0x00000002   PAD
    0x080004f4   0x00000070   Code   RO          238    i.NVIC_Init         misc.o
    0x08000564   0x00000020   Code   RO          414    i.RCC_APB1PeriphClockCmd  stm32f10x_rcc.o
    0x08000584   0x00000020   Code   RO          416    i.RCC_APB2PeriphClockCmd  stm32f10x_rcc.o
    0x080005a4   0x000000d4   Code   RO          424    i.RCC_GetClocksFreq  stm32f10x_rcc.o
    0x08000678   0x00000008   Code   RO          823    i.SetSysClock       system_stm32f10x.o
    0x08000680   0x000000e0   Code   RO          824    i.SetSysClockTo72   system_stm32f10x.o
    0x08000760   0x00000028   Code   RO          242    i.SysTick_CLKSourceConfig  misc.o
    0x08000788   0x00000060   Code   RO          826    i.SystemInit        system_stm32f10x.o
    0x080007e8   0x0000002c   Code   RO            4    i.USART2_IRQHandler  main.o
    0x08000814   0x00000012   Code   RO          624    i.USART_ClearFlag   stm32f10x_usart.o
    0x08000826   0x00000018   Code   RO          628    i.USART_Cmd         stm32f10x_usart.o
    0x0800083e   0x0000001a   Code   RO          631    i.USART_GetFlagStatus  stm32f10x_usart.o
    0x08000858   0x0000004a   Code   RO          634    i.USART_ITConfig    stm32f10x_usart.o
    0x080008a2   0x00000002   PAD
    0x080008a4   0x000000d8   Code   RO          635    i.USART_Init        stm32f10x_usart.o
    0x0800097c   0x0000000a   Code   RO          642    i.USART_ReceiveData  stm32f10x_usart.o
    0x08000986   0x00000008   Code   RO          645    i.USART_SendData    stm32f10x_usart.o
    0x0800098e   0x00000046   Code   RO         1963    i._init_box         RTX_CM3.lib(rt_membox.o)
    0x080009d4   0x00000020   Code   RO          176    i._mutex_acquire    rtx_conf_cm.o
    0x080009f4   0x0000001c   Code   RO          178    i._mutex_release    rtx_conf_cm.o
    0x08000a10   0x00000030   Code   RO         2016    i.dbg_init          RTX_CM3.lib(hal_cm.o)
    0x08000a40   0x00000020   Code   RO         2017    i.dbg_task_notify   RTX_CM3.lib(hal_cm.o)
    0x08000a60   0x00000010   Code   RO         2018    i.dbg_task_switch   RTX_CM3.lib(hal_cm.o)
    0x08000a70   0x00000044   Code   RO          139    i.delayInit         delay.o
    0x08000ab4   0x0000002a   Code   RO          869    i.isrMessageGet     RTX_CM3.lib(rt_cmsis.o)
    0x08000ade   0x0000002c   Code   RO          870    i.isrMessagePut     RTX_CM3.lib(rt_cmsis.o)
    0x08000b0a   0x00000002   PAD
    0x08000b0c   0x00000052   Code   RO         1818    i.isr_mbx_receive   RTX_CM3.lib(rt_mailbox.o)
    0x08000b5e   0x0000000e   Code   RO         1819    i.isr_mbx_send      RTX_CM3.lib(rt_mailbox.o)
    0x08000b6c   0x000000a0   Code   RO            5    i.main              main.o
    0x08000c0c   0x00000024   Code   RO          874    i.osKernelInitialize  RTX_CM3.lib(rt_cmsis.o)
    0x08000c30   0x0000006c   Code   RO          876    i.osKernelStart     RTX_CM3.lib(rt_cmsis.o)
    0x08000c9c   0x00000018   Code   RO          885    i.osMessageGet      RTX_CM3.lib(rt_cmsis.o)
    0x08000cb4   0x00000030   Code   RO          902    i.osThreadCreate    RTX_CM3.lib(rt_cmsis.o)
    0x08000ce4   0x00000018   Code   RO          903    i.osThreadExit      RTX_CM3.lib(rt_cmsis.o)
    0x08000cfc   0x0000000c   Code   RO          909    i.osTimerCall       RTX_CM3.lib(rt_cmsis.o)
    0x08000d08   0x0000002c   Code   RO          914    i.osTimerThread     RTX_CM3.lib(rt_cmsis.o)
    0x08000d34   0x00000020   Code   RO          179    i.os_error          rtx_conf_cm.o
    0x08000d54   0x00000004   Code   RO          180    i.os_idle_demon     rtx_conf_cm.o
    0x08000d58   0x00000028   Code   RO         1610    i.os_tick_init      RTX_CM3.lib(rt_system.o)
    0x08000d80   0x00000002   Code   RO         1611    i.os_tick_irqack    RTX_CM3.lib(rt_system.o)
    0x08000d82   0x0000001a   Code   RO         1964    i.rt_alloc_box      RTX_CM3.lib(rt_membox.o)
    0x08000d9c   0x0000003e   Code   RO         1992    i.rt_alloc_mem      RTX_CM3.lib(rt_memory.o)
    0x08000dda   0x00000002   PAD
    0x08000ddc   0x00000038   Code   RO         1491    i.rt_block          RTX_CM3.lib(rt_task.o)
    0x08000e14   0x00000048   Code   RO         1941    i.rt_chk_robin      RTX_CM3.lib(rt_robin.o)
    0x08000e5c   0x00000070   Code   RO         1742    i.rt_dec_dly        RTX_CM3.lib(rt_list.o)
    0x08000ecc   0x00000044   Code   RO         1492    i.rt_dispatch       RTX_CM3.lib(rt_task.o)
    0x08000f10   0x00000050   Code   RO         1703    i.rt_evt_psh        RTX_CM3.lib(rt_event.o)
    0x08000f60   0x0000002c   Code   RO         1965    i.rt_free_box       RTX_CM3.lib(rt_membox.o)
    0x08000f8c   0x00000028   Code   RO         1993    i.rt_free_mem       RTX_CM3.lib(rt_memory.o)
    0x08000fb4   0x00000028   Code   RO         1743    i.rt_get_first      RTX_CM3.lib(rt_list.o)
    0x08000fdc   0x00000008   Code   RO          919    i.rt_id2obj         RTX_CM3.lib(rt_cmsis.o)
    0x08000fe4   0x00000048   Code   RO         1493    i.rt_init_context   RTX_CM3.lib(rt_task.o)
    0x0800102c   0x0000001a   Code   RO         1994    i.rt_init_mem       RTX_CM3.lib(rt_memory.o)
    0x08001046   0x00000002   PAD
    0x08001048   0x00000018   Code   RO         1942    i.rt_init_robin     RTX_CM3.lib(rt_robin.o)
    0x08001060   0x00000080   Code   RO         2019    i.rt_init_stack     RTX_CM3.lib(hal_cm.o)
    0x080010e0   0x00000008   Code   RO         1820    i.rt_mbx_check      RTX_CM3.lib(rt_mailbox.o)
    0x080010e8   0x0000001a   Code   RO         1821    i.rt_mbx_init       RTX_CM3.lib(rt_mailbox.o)
    0x08001102   0x00000002   PAD
    0x08001104   0x000000f0   Code   RO         1822    i.rt_mbx_psh        RTX_CM3.lib(rt_mailbox.o)
    0x080011f4   0x000000b4   Code   RO         1824    i.rt_mbx_wait       RTX_CM3.lib(rt_mailbox.o)
    0x080012a8   0x00000044   Code   RO          920    i.rt_ms2tick        RTX_CM3.lib(rt_cmsis.o)
    0x080012ec   0x000000d8   Code   RO         1577    i.rt_mut_release    RTX_CM3.lib(rt_mutex.o)
    0x080013c4   0x00000068   Code   RO         1578    i.rt_mut_wait       RTX_CM3.lib(rt_mutex.o)
    0x0800142c   0x0000007c   Code   RO         1614    i.rt_pop_req        RTX_CM3.lib(rt_system.o)
    0x080014a8   0x00000020   Code   RO         1615    i.rt_psh_req        RTX_CM3.lib(rt_system.o)
    0x080014c8   0x0000005c   Code   RO         1745    i.rt_psq_enq        RTX_CM3.lib(rt_list.o)
    0x08001524   0x00000048   Code   RO         1746    i.rt_put_dly        RTX_CM3.lib(rt_list.o)
    0x0800156c   0x00000036   Code   RO         1747    i.rt_put_prio       RTX_CM3.lib(rt_list.o)
    0x080015a2   0x00000002   PAD
    0x080015a4   0x00000014   Code   RO         1748    i.rt_put_rdy_first  RTX_CM3.lib(rt_list.o)
    0x080015b8   0x00000034   Code   RO         1749    i.rt_resort_prio    RTX_CM3.lib(rt_list.o)
    0x080015ec   0x00000006   Code   RO         2020    i.rt_ret_val        RTX_CM3.lib(hal_cm.o)
    0x080015f2   0x00000008   Code   RO         2021    i.rt_ret_val2       RTX_CM3.lib(hal_cm.o)
    0x080015fa   0x00000028   Code   RO         1750    i.rt_rmv_dly        RTX_CM3.lib(rt_list.o)
    0x08001622   0x00000002   PAD
    0x08001624   0x00000030   Code   RO         1751    i.rt_rmv_list       RTX_CM3.lib(rt_list.o)
    0x08001654   0x00000034   Code   RO         1869    i.rt_sem_psh        RTX_CM3.lib(rt_semaphore.o)
    0x08001688   0x00000024   Code   RO         1617    i.rt_stk_check      RTX_CM3.lib(rt_system.o)
    0x080016ac   0x00000028   Code   RO         1494    i.rt_switch_req     RTX_CM3.lib(rt_task.o)
    0x080016d4   0x000000cc   Code   RO         1495    i.rt_sys_init       RTX_CM3.lib(rt_task.o)
    0x080017a0   0x00000078   Code   RO         1496    i.rt_sys_start      RTX_CM3.lib(rt_task.o)
    0x08001818   0x00000040   Code   RO         1619    i.rt_systick        RTX_CM3.lib(rt_system.o)
    0x08001858   0x00000012   Code   RO          921    i.rt_tid2ptcb       RTX_CM3.lib(rt_cmsis.o)
    0x0800186a   0x00000002   PAD
    0x0800186c   0x00000034   Code   RO          922    i.rt_timer_insert   RTX_CM3.lib(rt_cmsis.o)
    0x080018a0   0x00000088   Code   RO         1497    i.rt_tsk_create     RTX_CM3.lib(rt_task.o)
    0x08001928   0x0000017c   Code   RO         1498    i.rt_tsk_delete     RTX_CM3.lib(rt_task.o)
    0x08001aa4   0x0000007c   Code   RO         1500    i.rt_tsk_prio       RTX_CM3.lib(rt_task.o)
    0x08001b20   0x00000010   Code   RO         1501    i.rt_tsk_self       RTX_CM3.lib(rt_task.o)
    0x08001b30   0x00000070   Code   RO          925    i.svcKernelInitialize  RTX_CM3.lib(rt_cmsis.o)
    0x08001ba0   0x00000048   Code   RO          927    i.svcKernelStart    RTX_CM3.lib(rt_cmsis.o)
    0x08001be8   0x00000024   Code   RO          930    i.svcMessageCreate  RTX_CM3.lib(rt_cmsis.o)
    0x08001c0c   0x0000003a   Code   RO          931    i.svcMessageGet     RTX_CM3.lib(rt_cmsis.o)
    0x08001c46   0x00000002   PAD
    0x08001c48   0x00000070   Code   RO          945    i.svcThreadCreate   RTX_CM3.lib(rt_cmsis.o)
    0x08001cb8   0x0000001c   Code   RO          946    i.svcThreadGetId    RTX_CM3.lib(rt_cmsis.o)
    0x08001cd4   0x00000038   Code   RO          949    i.svcThreadTerminate  RTX_CM3.lib(rt_cmsis.o)
    0x08001d0c   0x00000018   Code   RO          951    i.svcTimerCall      RTX_CM3.lib(rt_cmsis.o)
    0x08001d24   0x0000005c   Code   RO          960    i.sysTimerTick      RTX_CM3.lib(rt_cmsis.o)
    0x08001d80   0x00000056   Data   RO          182    .constdata          rtx_conf_cm.o
    0x08001dd6   0x00000002   PAD
    0x08001dd8   0x00000020   Data   RO         2247    Region$$Table       anon$$obj.o


    Execution Region RW_IRAM1 (Base: 0x20000000, Size: 0x00001308, Max: 0x0000c000, ABSOLUTE)

    Base Addr    Size         Type   Attr      Idx    E Section Name        Object

    0x20000000   0x00000004   Data   RW          142    .data               delay.o
    0x20000004   0x00000024   Data   RW          183    .data               rtx_conf_cm.o
    0x20000028   0x00000014   Data   RW          444    .data               stm32f10x_rcc.o
    0x2000003c   0x00000014   Data   RW          827    .data               system_stm32f10x.o
    0x20000050   0x00000008   Data   RW          963    .data               RTX_CM3.lib(rt_cmsis.o)
    0x20000058   0x00000008   Data   RW         1503    .data               RTX_CM3.lib(rt_task.o)
    0x20000060   0x00000008   Data   RW         1622    .data               RTX_CM3.lib(rt_system.o)
    0x20000068   0x00000004   Data   RW         1912    .data               RTX_CM3.lib(rt_time.o)
    0x2000006c   0x00000008   Data   RW         1943    .data               RTX_CM3.lib(rt_robin.o)
    0x20000074   0x00000001   Data   RW         2022    .data               RTX_CM3.lib(hal_cm.o)
    0x20000075   0x00000003   PAD
    0x20000078   0x00000bc8   Zero   RW          181    .bss                rtx_conf_cm.o
    0x20000c40   0x00000034   Zero   RW         1502    .bss                RTX_CM3.lib(rt_task.o)
    0x20000c74   0x00000030   Zero   RW         1752    .bss                RTX_CM3.lib(rt_list.o)
    0x20000ca4   0x00000060   Zero   RW         2080    .bss                c_w.l(libspace.o)
    0x20000d04   0x00000004   PAD
    0x20000d08   0x00000200   Zero   RW          814    HEAP                startup_stm32f10x_hd.o
    0x20000f08   0x00000400   Zero   RW          813    STACK               startup_stm32f10x_hd.o


==============================================================================

Image component sizes


      Code (inc. data)   RO Data    RW Data    ZI Data      Debug   Object Name

        68         18          0          4          0        680   delay.o
       204         14          0          0          0     234183   main.o
       152         12          0          0          0       1690   misc.o
       124         26         86         36       3016       9159   rtx_conf_cm.o
        64         26        304          0       1536        836   startup_stm32f10x_hd.o
       278          0          0          0          0       2076   stm32f10x_gpio.o
       276         32          0         20          0       4606   stm32f10x_rcc.o
       376          6          0          0          0       6279   stm32f10x_usart.o
       328         28          0         20          0       2365   system_stm32f10x.o

    ----------------------------------------------------------------------
      1874        162        424         80       4552     261874   Object Totals
         0          0         32          0          0          0   (incl. Generated)
         4          0          2          0          0          0   (incl. Padding)

    ----------------------------------------------------------------------

      Code (inc. data)   RO Data    RW Data    ZI Data      Debug   Library Member Name

       238         24          0          1          0       3256   hal_cm.o
       304         36          0          0          0        760   hal_cm3.o
      1118        140          0          8          0      31165   rt_cmsis.o
        80          4          0          0          0        653   rt_event.o
       530         34          0          0         48       8165   rt_list.o
       550         10          0          0          0       3897   rt_mailbox.o
       140          0          0          0          0       1901   rt_membox.o
       128          0          0          0          0       2275   rt_memory.o
       320         12          0          0          0       1603   rt_mutex.o
        96         22          0          8          0       1134   rt_robin.o
        52          4          0          0          0        565   rt_semaphore.o
       298         52          0          8          0       6151   rt_system.o
      1216        174          0          8         52       9545   rt_task.o
         0          0          0          4          0        206   rt_time.o
         4          4          0          0          0        200   svc_table.o
         8          0          0          0          0         68   __main.o
         0          0          0          0          0          0   __rtentry.o
        20          0          0          0          0          0   __rtentry2.o
         6          0          0          0          0          0   __rtentry4.o
        52          8          0          0          0          0   __scatter.o
        26          0          0          0          0          0   __scatter_copy.o
        28          0          0          0          0          0   __scatter_zi.o
        18          0          0          0          0         80   exit.o
         6          0          0          0          0        152   heapauxi.o
         0          0          0          0          0          0   indicate_semi.o
         2          0          0          0          0          0   libinit.o
         2          0          0          0          0          0   libinit2.o
         2          0          0          0          0          0   libshutdown.o
         2          0          0          0          0          0   libshutdown2.o
         8          4          0          0         96         68   libspace.o
         2          0          0          0          0          0   rtexit.o
        10          0          0          0          0          0   rtexit2.o
        12          4          0          0          0         68   sys_exit.o
        74          0          0          0          0         80   sys_stackheap_outer.o
         2          0          0          0          0         68   use_no_semi.o

    ----------------------------------------------------------------------
      5374        532          0         40        200      72060   Library Totals
        20          0          0          3          4          0   (incl. Padding)

    ----------------------------------------------------------------------

      Code (inc. data)   RO Data    RW Data    ZI Data      Debug   Library Name

      5074        516          0         37        100      71476   RTX_CM3.lib
       280         16          0          0         96        584   c_w.l

    ----------------------------------------------------------------------
      5374        532          0         40        200      72060   Library Totals

    ----------------------------------------------------------------------

==============================================================================


      Code (inc. data)   RO Data    RW Data    ZI Data      Debug   

      7248        694        424        120       4752     329250   Grand Totals
      7248        694        424        120       4752     329250   ELF Image Totals
      7248        694        424        120          0          0   ROM Totals

==============================================================================

    Total RO  Size (Code + RO Data)                 7672 (   7.49kB)
    Total RW  Size (RW Data + ZI Data)              4872 (   4.76kB)
    Total ROM Size (Code + RO Data + RW Data)       7792 (   7.61kB)

==============================================================================

